nlsrtl : LXUCOLKEYSZ
nlsrtl : LXUHCDECOMP
nlsrtl : lms_fblang
nlsrtl : lms_pmlang
nlsrtl : lmsacb
nlsrtl : lmsacbn
nlsrtl : lmsaci1
nlsrtl : lmsacin
nlsrtl : lmsagbcmt
nlsrtl : lmsagbf
nlsrtl : lmsaicmt
nlsrtl : lmsamtsini
nlsrtl : lmsamtsmxlk
nlsrtl : lmsamtsmxunlk
nlsrtl : lmsamtsmxunlk
nlsrtl : lmsapbn
nlsrtl : lmsapbn
nlsrtl : lmsapcb
nlsrtl : lmsapcb
nlsrtl : lmsapcc
nlsrtl : lmsapcc
nlsrtl : lmsapfc
nlsrtl : lmsapfc
nlsrtl : lmsapic
nlsrtl : lmsapic
nlsrtl : lmsapnc
nlsrtl : lmsapnc
nlsrtl : lmsapnm
nlsrtl : lmsapnm
nlsrtl : lmsapop
nlsrtl : lmsapop
nlsrtl : lmsaprb
nlsrtl : lmsaprb
nlsrtl : lmsapsc
nlsrtl : lmsapsc
nlsrtl : lmsatd
nlsrtl : lmsatp
nlsrtl : lmsatrm
nlsrtl : lmsggfl
nlsrtl : lmsggfx
nlsrtl : lxBomDetect
nlsrtl : lxClnLxglo
nlsrtl : lxCmpStr
nlsrtl : lxDesLxglo
nlsrtl : lxDesLxhnd
nlsrtl : lxDesLxitm
nlsrtl : lxFbLang
nlsrtl : lxGetGloPtr
nlsrtl : lxGetGloPtr
nlsrtl : lxSerLxglo
nlsrtl : lxSerLxhnd
nlsrtl : lxSerLxitm
nlsrtl : lxTransliteration
nlsrtl : lxTrnNameToID
nlsrtl : lxXmlCDataEsc
nlsrtl : lxXmlCharRefEsc
nlsrtl : lxXmlCvEsc
nlsrtl : lxXmlCvEsc0
nlsrtl : lxXmlGEntEsc
nlsrtl : lxXmlGEntEsc2
nlsrtl : lxXmlGEntEscImpl
nlsrtl : lxXmlIdConv
nlsrtl : lxXmlPrologueParser
nlsrtl : lxcdone
nlsrtl : lxcgbgwt
nlsrtl : lxcgbMaping
nlsrtl : lxclas
nlsrtl : lxcsCompose
nlsrtl : lxcsDeCompose
nlsrtl : lxcsVldAL16UTF16
nlsrtl : lxcsVldAL32UTF8
nlsrtl : lxcsVldUTF8
nlsrtl : lxcsbm
nlsrtl : lxcsbmr
nlsrtl : lxcscan
nlsrtl : lxcscom
nlsrtl : lxcsdcp
nlsrtl : lxcsdec
nlsrtl : lxcsgcm
nlsrtl : lxcsgmc
nlsrtl : lxcsgmt
nlsrtl : lxcsgmw
nlsrtl : lxcsm2uAL16UTF16
nlsrtl : lxcsm2uAL16UTF16LE
nlsrtl : lxcsm2uAL32UTF8
nlsrtl : lxcsm2uGB18030
nlsrtl : lxcsm2uUTF32
nlsrtl : lxcsm2uUTF8
nlsrtl : lxcsm2uUTFE
nlsrtl : lxcsm2ux
nlsrtl : lxcsmlo
nlsrtl : lxcsmup
nlsrtl : lxcss2m
nlsrtl : lxcsu2mAL16UTF16
nlsrtl : lxcsu2mAL16UTF16LE
nlsrtl : lxcsu2mAL32UTF8
nlsrtl : lxcsu2mGB18030
nlsrtl : lxcsu2mUTF32
nlsrtl : lxcsu2mUTF8
nlsrtl : lxcsu2mUTFE
nlsrtl : lxcsu2mx
nlsrtl : lxcsugcm
nlsrtl : lxcsugdd
nlsrtl : lxcsuglb
nlsrtl : lxcsugnv
nlsrtl : lxcsugpv
nlsrtl : lxcsuti
nlsrtl : lxcswlo
nlsrtl : lxcswup
nlsrtl : lxdchn
nlsrtl : lxdcmptbl
nlsrtl : lxdfoblx
nlsrtl : lxdgetobj
nlsrtl : lxdlcag
nlsrtl : lxdllib
nlsrtl : lxdlobj
nlsrtl : lxdlwkb
nlsrtl : lxdn2m
nlsrtl : lxdnscmp
nlsrtl : lxdobl
nlsrtl : lxdoblx
nlsrtl : lxdprl
nlsrtl : lxdsupid
nlsrtl : lxdsupsn
nlsrtl : lxeadm
nlsrtl : lxecerr
nlsrtl : lxeg2u
nlsrtl : lxegera
nlsrtl : lxeifnd
nlsrtl : lxeisl
nlsrtl : lxeldd
nlsrtl : lxeldm
nlsrtl : lxeldy
nlsrtl : lxelgsz
nlsrtl : lxesbm
nlsrtl : lxetbn
nlsrtl : lxeu2g
nlsrtl : lxfbucmp
nlsrtl : lxfbver
nlsrtl : lxfgnb
nlsrtl : lxfgno
nlsrtl : lxg2cnv
nlsrtl : lxg2cvp
nlsrtl : lxg2t2u
nlsrtl : lxg2u2t
nlsrtl : lxgConvertToAL32UTF8
nlsrtl : lxgXmlConv
nlsrtl : lxgXmlPcnv
nlsrtl : lxgcnv
nlsrtl : lxgcnvb
nlsrtl : lxgcnvc
nlsrtl : lxgcvp
nlsrtl : lxgcvp_init
nlsrtl : lxgcvpc
nlsrtl : lxgd2s
nlsrtl : lxgful
nlsrtl : lxgncc
nlsrtl : lxgpth
nlsrtl : lxgratio
nlsrtl : lxgraw
nlsrtl : lxgrls
nlsrtl : lxgs2d
nlsrtl : lxgstm
nlsrtl : lxgt2u
nlsrtl : lxgt2uc
nlsrtl : lxgu2t
nlsrtl : lxgu2tc
nlsrtl : lxgucs2utf
nlsrtl : lxgutf2ucs
nlsrtl : lxhLaToId
nlsrtl : lxhLangEnv
nlsrtl : lxhab2f
nlsrtl : lxhasc
nlsrtl : lxhchtoid
nlsrtl : lxhci2h
nlsrtl : lxhclrsave
nlsrtl : lxhcnv
nlsrtl : lxhcsn
nlsrtl : lxhdStatus
nlsrtl : lxhdab2f
nlsrtl : lxhdab2f_f2ab
nlsrtl : lxhdata
nlsrtl : lxhddump
nlsrtl : lxhdisp
nlsrtl : lxhdtchid
nlsrtl : lxhdumpbufsz
nlsrtl : lxhdvld
nlsrtl : lxhebc
nlsrtl : lxhh2ci
nlsrtl : lxhi2s
nlsrtl : lxhid2disp
nlsrtl : lxhid2name
nlsrtl : lxhidtolang
nlsrtl : lxhlck
nlsrtl : lxhlcmod
nlsrtl : lxhlfind
nlsrtl : lxhlinfo
nlsrtl : lxhlmod
nlsrtl : lxhlod
nlsrtl : lxhmcnv
nlsrtl : lxhmnorm
nlsrtl : lxhname2id
nlsrtl : lxhnamemap
nlsrtl : lxhninfo
nlsrtl : lxhnlangid
nlsrtl : lxhnlsdata
nlsrtl : lxhnmap
nlsrtl : lxhnmod
nlsrtl : lxhnsize
nlsrtl : lxhrefdecr
nlsrtl : lxhrefget
nlsrtl : lxhrefincr
nlsrtl : lxhrefset
nlsrtl : lxhschar
nlsrtl : lxhsftime
nlsrtl : lxhti2h
nlsrtl : lxhtn2h
nlsrtl : lxilibl
nlsrtl : lxinitc
nlsrtl : lxinitsc
nlsrtl : lxisftx
nlsrtl : lxlMatch
nlsrtl : lxlbhs
nlsrtl : lxlbsz
nlsrtl : lxlcpol
nlsrtl : lxldalc
nlsrtl : lxldfcb
nlsrtl : lxldfre
nlsrtl : lxldini
nlsrtl : lxldlbb
nlsrtl : lxldlod
nlsrtl : lxldunl
nlsrtl : lxlfopn
nlsrtl : lxlfrd
nlsrtl : lxlfterm
nlsrtl : lxlgsz
nlsrtl : lxligbl
nlsrtl : lxligcs
nlsrtl : lxligcs
nlsrtl : lxligkey
nlsrtl : lxligsbl
nlsrtl : lxligsbl
nlsrtl : lxligsl
nlsrtl : lxligsl
nlsrtl : lxligss
nlsrtl : lxligsu
nlsrtl : lxligsu
nlsrtl : lxlinfo
nlsrtl : lxlinit
nlsrtl : lxlsaved
nlsrtl : lxlterm
nlsrtl : lxm2wlx
nlsrtl : lxm2wux
nlsrtl : lxmalnx
nlsrtl : lxmalpx
nlsrtl : lxmbctype
nlsrtl : lxmbeqn
nlsrtl : lxmblax
nlsrtl : lxmbteqx
nlsrtl : lxmc2wx
nlsrtl : lxmcntx
nlsrtl : lxmcpbx
nlsrtl : lxmcpen
nlsrtl : lxmctex
nlsrtl : lxmdigx
nlsrtl : lxmdspx
nlsrtl : lxmdssln
nlsrtl : lxmfwdx
nlsrtl : lxmfwtx
nlsrtl : lxmgrax
nlsrtl : lxmlowx
nlsrtl : lxmnceq
nlsrtl : lxmnsg
nlsrtl : lxmnsp
nlsrtl : lxmnspt
nlsrtl : lxmopen
nlsrtl : lxmprix
nlsrtl : lxmpunx
nlsrtl : lxmr2w
nlsrtl : lxmral
nlsrtl : lxmskps
nlsrtl : lxmspax
nlsrtl : lxmtblank
nlsrtl : lxmtos
nlsrtl : lxmuppx
nlsrtl : lxmvfwdx
nlsrtl : lxmvopen
nlsrtl : lxmwclose
nlsrtl : lxmwterm
nlsrtl : lxmxdix
nlsrtl : lxnpdp
nlsrtl : lxnpdpc
nlsrtl : lxoCmpNStr
nlsrtl : lxoCmpStr
nlsrtl : lxoCntByte
nlsrtl : lxoCntChar
nlsrtl : lxoCntChar
nlsrtl : lxoCnvCase
nlsrtl : lxoCnvCh2Wide
nlsrtl : lxoCnvIntToNumStr
nlsrtl : lxoCnvNumStrToInt
nlsrtl : lxoCnvNumStrToInt
nlsrtl : lxoCpChar
nlsrtl : lxoCpDisp
nlsrtl : lxoCpStr
nlsrtl : lxoCpToOp
nlsrtl : lxoCvChar
nlsrtl : lxoPadStr
nlsrtl : lxoSchPat
nlsrtl : lxoSkip
nlsrtl : lxoVldStr
nlsrtl : lxoWriChar
nlsrtl : lxoWriWChar
nlsrtl : lxovid
nlsrtl : lxpLinDirMatch
nlsrtl : lxpLinMatch
nlsrtl : lxpLinTrimPunc
nlsrtl : lxpTstClsXMLPubidCharTbl
nlsrtl : lxpcget
nlsrtl : lxpcset
nlsrtl : lxpdcset
nlsrtl : lxpe2i
nlsrtl : lxpebcx
nlsrtl : lxpeget
nlsrtl : lxpendian
nlsrtl : lxphlc
nlsrtl : lxphlc
nlsrtl : lxpname
nlsrtl : lxpoLinDirMatch
nlsrtl : lxpoLinMatch
nlsrtl : lxppCodeHexToIntASCIITbl
nlsrtl : lxppCodeHexToIntEBCDICTbl
nlsrtl : lxppCodeHexToIntEBCDICTblSpec
nlsrtl : lxppFrNumStrRomTbl
nlsrtl : lxppFrNumStrRomTbl
nlsrtl : lxppFrNumStrRomTblLen
nlsrtl : lxppFrNumStrRomTblLen
nlsrtl : lxppFrNumStrRomTblWid
nlsrtl : lxppFrNumStrRomTblWid
nlsrtl : lxppFrNumStrUnicodeRomTbl
nlsrtl : lxppFrNumStrUnicodeRomTbl
nlsrtl : lxppFrNumStrUnicodeRomTblWid
nlsrtl : lxppFrNumStrUnicodeRomTblWid
nlsrtl : lxppToNumStrIdx
nlsrtl : lxppToNumStrIdx
nlsrtl : lxppebc
nlsrtl : lxptmult
nlsrtl : lxptmutf8
nlsrtl : lxregcomp
nlsrtl : lxregdumppat
nlsrtl : lxregexec
nlsrtl : lxregfree
nlsrtl : lxregmatch
nlsrtl : lxregmatchknl
nlsrtl : lxregreplace
nlsrtl : lxsBytePos
nlsrtl : lxsCatStr
nlsrtl : lxsCmpStr
nlsrtl : lxsCntByte
nlsrtl : lxsCntChar
nlsrtl : lxsCntDisp
nlsrtl : lxsCntExc
nlsrtl : lxsCntXExc
nlsrtl : lxsCnvCase
nlsrtl : lxsCnvEqui
nlsrtl : lxsCnvIntToNumStr
nlsrtl : lxsCnvNumStrToInt
nlsrtl : lxsCnvSimple
nlsrtl : lxsCpFrWide
nlsrtl : lxsCpStr
nlsrtl : lxsCpToWide
nlsrtl : lxsNextCol
nlsrtl : lxsNormStr
nlsrtl : lxsRepStr
nlsrtl : lxsStrCol
nlsrtl : lxsStrPrep
nlsrtl : lxsTrnStr
nlsrtl : lxsUnclassifiedChar
nlsrtl : lxsUnconvertibleChar
nlsrtl : lxsVldStr
nlsrtl : lxsbcpl
nlsrtl : lxsbcpu
nlsrtl : lxscat
nlsrtl : lxscop
nlsrtl : lxspln
nlsrtl : lxsplth
nlsrtl : lxsply
nlsrtl : lxsucPushKeysToBuf
nlsrtl : lxsucPushKeysToBuf
nlsrtl : lxsucShiftBuf
nlsrtl : lxsucShiftBuf
nlsrtl : lxsulen
nlsrtl : lxtegcmtz
nlsrtl : lxucConKey
nlsrtl : lxucCsKey
nlsrtl : lxucCsKey
nlsrtl : lxucGetKeys
nlsrtl : lxucGetKeys
nlsrtl : lxucUC2key
nlsrtl : lxucUC2key
nlsrtl : lxucom2u
nlsrtl : lxujmc
nlsrtl : lxujmd
nlsrtl : lxvers
nlsrtl : lxwCmpStr
nlsrtl : lxwCnvCase
nlsrtl : lxwCvCplrChar
nlsrtl : lxwalnx
nlsrtl : lxwalpx
nlsrtl : lxwblax
nlsrtl : lxwc2lx
nlsrtl : lxwc2ux
nlsrtl : lxwcicx
nlsrtl : lxwcntx
nlsrtl : lxwctex
nlsrtl : lxwdigx
nlsrtl : lxwdspx
nlsrtl : lxwgrax
nlsrtl : lxwlowx
nlsrtl : lxwprix
nlsrtl : lxwpunx
nlsrtl : lxwspax
nlsrtl : lxwuppx
nlsrtl : lxwwrap
nlsrtl : lxwwsg
nlsrtl : lxwxdix
nlsrtl : lxxclig
nlsrtl : lxxcomp
nlsrtl : lxxfcm
nlsrtl : lxxlayout
nlsrtl : lxxliga
nlsrtl : lxxligc
nlsrtl : lxxligd
nlsrtl : lxxrlayout
nlsrtl : lxxscm
nlsrtl : lxxshape
nlsrtl : lxxshpr
nlsrtl : lxzinit
nlsrtl : slmsbdf
nlsrtl : slmsbfn
nlsrtl : slmscc
nlsrtl : slmscl
nlsrtl : slmscr
nlsrtl : slmscw
nlsrtl : slmsop
nlsrtl : slmsrd
nlsrtl : slmstr
nlsrtl : slx_current_tid
nlsrtl : slx_global_lock
nlsrtl : slx_lock_count
nlsrtl : slx_sltscontext
nlsrtl : slxcfct
nlsrtl : slxcfgclfv
nlsrtl : slxcfna
nlsrtl : slxcfot
nlsrtl : slxcfrtlfv
nlsrtl : slxcfstlfv
nlsrtl : slxcrl
nlsrtl : slxdfobl
nlsrtl : slxdfsync
nlsrtl : slxefop
nlsrtl : slxgmsg
nlsrtl : slxlrestore
nlsrtl : slxlstore
nlsrtl : lxkAscii
nlsrtl : lxkAsciistr
nlsrtl : lxkChr
nlsrtl : lxkConcat
nlsrtl : lxkInitcap
nlsrtl : lxkInstr
nlsrtl : lxkLike
nlsrtl : lxkLikPatPref
nlsrtl : lxkPad
nlsrtl : lxkRegexpComp
nlsrtl : lxkRegexpCount
nlsrtl : lxkRegexpCountLob
nlsrtl : lxkRegexpErr
nlsrtl : lxkRegexpFree
nlsrtl : lxkRegexpInstrLobNSub
nlsrtl : lxkRegexpInstrNSub
nlsrtl : lxkRegexpLike
nlsrtl : lxkRegexpLikeLob
nlsrtl : lxkRegexpReplace
nlsrtl : lxkRegexpReplaceLob
nlsrtl : lxkRegexpReusable
nlsrtl : lxkRegexpSubstrLobNSub
nlsrtl : lxkRegexpSubstrNSub
nlsrtl : lxkReplace
nlsrtl : lxkSubstr
nlsrtl : lxkToUL
nlsrtl : lxkTranslate
nlsrtl : lxkTrim
nlsrtl : lxkUnistr
nlsrtl : lxkCSConvTest
nlsrtl : lxuMatItemHnd
nlsrtl : lxuStrLen
nlsrtl : lxuCmpCplrStrBin
nlsrtl : lxuCpCplrStr
nlsrtl : lxuCnvNumStrToInt
nlsrtl : lxuCnvIntToNumStr
nlsrtl : lxuOraIdentifier
nlsrtl : lxuRmFromStr
nlsrtl : lxuAddToStr
nlsrtl : lxuTrimStr
nlsrtl : lxuPadStr
nlsrtl : lxuStrCol
nlsrtl : lxuCvtToCtx
nlsrtl : lxuVldStr
nlsrtl : lxuSchPattern
nlsrtl : lxuSchSet
nlsrtl : lxuSchBoundary
nlsrtl : lxuCpChar
nlsrtl : lxuCpStr
nlsrtl : lxuCntElementGivenCodepoint
nlsrtl : lxuCntCodepointGivenElement
nlsrtl : lxumsgbcmt
nlsrtl : lxumsicmt
nlsrtl : lxu4Decomposition
nlsrtl : lxuCmpStr
nlsrtl : lxuCnvCase
nlsrtl : lxuCmpBinStr
nlsrtl : lxu4GUb1AbstChar
nlsrtl : lxu4PUb1AbstChar
nlsrtl : lxu4SchChar
nlsrtl : lxu4CnvCase
nlsrtl : lxu4GNumValue
nlsrtl : lxu4GCombiningClass
nlsrtl : lxu4TstClass
nlsrtl : lxu4Property
nlsrtl : lxu4CvCplrChar
nlsrtl : lxuGetCtx
nlsrtl : lxuFreCtx
nlsrtl : lxuGetTxtHnd
nlsrtl : lxuModTxtHnd
nlsrtl : lxuDecomposition
nlsrtl : lxuCanonicalize
nlsrtl : lxuComposition
nlsrtl : lxuStrLen
nlsrtl : lxu4TstClsXMLPubidChar0
nlsrtl : lxu4TstClsIsCompatibleChar
nlsrtl : lxuXmlIdConv
oracore : LcxInitialize
oracore : LcxTerminate
oracore : LdiDateArrayFromLocalArray
oracore : LdiDateArrayToLocalArray
oracore : LdiDateCheck
oracore : LdiDateCode
oracore : LdiDateComparable
oracore : LdiDateCompare
oracore : LdiDateConstruct
oracore : LdiDateConstructN
oracore : LdiDateCopy
oracore : LdiDateDateConvert
oracore : LdiDateDateOverlap
oracore : LdiDateDateSubtract
oracore : LdiDateDateSubtractWithTZ
oracore : LdiDateDateSwap
oracore : LdiDateExtract
oracore : LdiDateExtractTZ
oracore : LdiDateFromArray
oracore : LdiDateFromLDX
oracore : LdiDateFromLiteral
oracore : LdiDateFromLiteralU
oracore : LdiDateFromLocalArray
oracore : LdiDateFromString
oracore : LdiDateFromStringU
oracore : LdiDateInterAdd
oracore : LdiDateInterAddTZ
oracore : LdiDateInterAddTZISO
oracore : LdiDateInterOverlap
oracore : LdiDateInterSubtract
oracore : LdiDateInterSubtractTZ
oracore : LdiDateInterSubtractTZISO
oracore : LdiDateIntertimeAdd
oracore : LdiDateIntertimeSubtract
oracore : LdiDateRoundFS
oracore : LdiDateTimeArrayUpgrade
oracore : LdiDateTimeUpgrade
oracore : LdiDateToArray
oracore : LdiDateToJDays
oracore : LdiDateToJulian
oracore : LdiDateToLDX
oracore : LdiDateToLiteral
oracore : LdiDateToLiteralU
oracore : LdiDateToLocalArray
oracore : LdiDateToString
oracore : LdiDateToStringU
oracore : LdiDayofWeek
oracore : LdiDays2Cal
oracore : LdiDefFmtConv
oracore : LdiDefaultCheck
oracore : LdiFixTSLTZ
oracore : LdiGetFormatItem
oracore : LdiIIntMult
oracore : LdiInitDef
oracore : LdiInitDefU
oracore : LdiInterCheck
oracore : LdiInterComparable
oracore : LdiInterCompare
oracore : LdiInterConstruct
oracore : LdiInterCopy
oracore : LdiInterDivide
oracore : LdiInterExtract
oracore : LdiInterFromArray
oracore : LdiInterFromNumber
oracore : LdiInterFromString
oracore : LdiInterFromStringPrec
oracore : LdiInterFromStringU
oracore : LdiInterFromTZ
oracore : LdiInterFromTZU
oracore : LdiInterInterAdd
oracore : LdiInterInterConvert
oracore : LdiInterInterOverlap
oracore : LdiInterInterSubtract
oracore : LdiInterMultiply
oracore : LdiInterRoundFS
oracore : LdiInterToArray
oracore : LdiInterToNumber
oracore : LdiInterToString
oracore : LdiInterToStringISO
oracore : LdiInterToStringU
oracore : LdiInterToTN
oracore : LdiInterToTZ
oracore : LdiInterToTZU
oracore : LdiJDaysToDate
oracore : LdiJulianFromNumber
oracore : LdiJulianToDate
oracore : LdiJulianToNumber
oracore : LdiLid2Utf
oracore : LdiLidConv
oracore : LdiMatchString
oracore : LdiMaxDispWidth
oracore : LdiMaxDispWidthU
oracore : LdiMaxSize
oracore : LdiMaxSizeU
oracore : LdiN0
oracore : LdiN1
oracore : LdiN10E9
oracore : LdiN12
oracore : LdiN24
oracore : LdiN60
oracore : LdiNnp5
oracore : LdiNpp5
oracore : LdiNsid
oracore : LdiPMaxSize
oracore : LdiParseAlNum
oracore : LdiParseForInput
oracore : LdiParseForInputType
oracore : LdiParseForInputTypeU
oracore : LdiParseForInputU
oracore : LdiParseForOutput
oracore : LdiParseForOutputU
oracore : LdiPower10
oracore : LdiPrecLimit
oracore : LdiPrecisionCode
oracore : LdiPrecisionCodeU
oracore : LdiRefDate
oracore : LdiRound
oracore : LdiT2TZ
oracore : LdiTZ2T
oracore : LdiTZGetDelta
oracore : LdiTZGetDeltaBitmap
oracore : LdiTZGetDeltaFromDisk
oracore : LdiTZGetDeltaMinAffectedTime
oracore : LdiTZGetDeltaSize
oracore : LdiTZGetFileSize
oracore : LdiTZGetMaxFileSize
oracore : LdiTZGetPathAndSize
oracore : LdiTZIsDateAffected
oracore : LdiTZMapFile
oracore : LdiTZReadFile
oracore : LdiTimeZoneAdjust
oracore : LdiTimeZoneShift
oracore : LdiTruncate
oracore : LdiTypeCode
oracore : LdiUnparse
oracore : LdiUnparseU
oracore : LdiUtfConv
oracore : Ldifcd
oracore : Ldifda
oracore : Ldifdci
oracore : Ldifde
oracore : Ldifdi
oracore : Ldifdx
oracore : Ldifdy
oracore : Ldifseca
oracore : Ldifsece
oracore : Ldifseci
oracore : Ldipaa
oracore : Ldipae
oracore : Ldipme1
oracore : Ldipme10
oracore : Ldipme11
oracore : Ldipme12
oracore : Ldipme13
oracore : Ldipme2
oracore : Ldipme3
oracore : Ldipme4
oracore : Ldipme5
oracore : Ldipme6
oracore : Ldipme7
oracore : Ldipme8
oracore : Ldipme9
oracore : Ldipmxa
oracore : Ldirdf
oracore : Ldisnf
oracore : Ldispl
oracore : Ldistdotf
oracore : Ldistdyfr
oracore : LehInitialize
oracore : LehTerminate
oracore : LhtArbBeginIter
oracore : LhtArbCreate
oracore : LhtArbDestroy
oracore : LhtArbEndIter
oracore : LhtArbInsert
oracore : LhtArbRemove
oracore : LhtArbSearch
oracore : LhtArbYield
oracore : LhtArqGetIndex
oracore : LhtArqQuad
oracore : LhtArqResize
oracore : LhtInq1Hash
oracore : LhtInq2Hash
oracore : LhtInqGetIndex
oracore : LhtInqResize
oracore : LhtIntBeginIter
oracore : LhtIntCreate
oracore : LhtIntDestroy
oracore : LhtIntEndIter
oracore : LhtIntInsert
oracore : LhtIntRemove
oracore : LhtIntSearch
oracore : LhtIntYield
oracore : LhtStq1Hash
oracore : LhtStq2Hash
oracore : LhtStqGetIndex
oracore : LhtStqResize
oracore : LhtStrBeginIter
oracore : LhtStrCreate
oracore : LhtStrDestroy
oracore : LhtStrEndIter
oracore : LhtStrInsert
oracore : LhtStrRemove
oracore : LhtStrSearch
oracore : LhtStrYield
oracore : LhtqRec
oracore : LhtqmAlloc
oracore : LhtqmFree
oracore : LnxqAdd_NNN
oracore : LnxqAdd_PNN
oracore : LnxqAdd_PNP
oracore : LnxqAdd_PPP
oracore : LnxqBufConv
oracore : LnxqComponent_N
oracore : LnxqComponent_P
oracore : LnxqDigit_N
oracore : LnxqDigit_P
oracore : LnxqFirstDigit
oracore : LnxqLid2Utf
oracore : LnxqNegate
oracore : LnxqParameters
oracore : LnxqRound_N
oracore : LnxqRound_P
oracore : LnxqTruncate_N
oracore : LnxqTruncate_P
oracore : LnxqdCarry
oracore : OraMemAlloc
oracore : OraMemCalloc
oracore : OraMemFree
oracore : OraMemInit
oracore : OraMemTerm
oracore : OraPropGet
oracore : OraPropGetBoolean
oracore : OraPropGetPointer
oracore : OraPropGetUnsigned
oracore : OraPropSetBoolean
oracore : OraPropSetPointer
oracore : OraPropSetUnsigned
oracore : OraStreamClone
oracore : OraStreamClose
oracore : OraStreamHandle
oracore : OraStreamInit
oracore : OraStreamIsOpen
oracore : OraStreamOpen
oracore : OraStreamRead
oracore : OraStreamReadChar
oracore : OraStreamReadable
oracore : OraStreamSid
oracore : OraStreamTerm
oracore : OraStreamWritable
oracore : OraStreamWrite
oracore : OraStreamWriteChar
oracore : OraStreamWriteable
oracore : SlehpAccess
oracore : SlehpArithmetic
oracore : SlehpIllegal
oracore : SlehpInitFrame
oracore : SlehpSighnd
oracore : SlehpSignal
oracore : SlehpTerm
oracore : SlfAccess
oracore : SlfClose
oracore : SlfFclose
oracore : SlfFflush
oracore : SlfFgtc
oracore : SlfFgts
oracore : SlfFopen
oracore : SlfFopen2
oracore : SlfFprintf
oracore : SlfFptc
oracore : SlfFpts
oracore : SlfFread
oracore : SlfFscanf
oracore : SlfFseek
oracore : SlfFseekn
oracore : SlfFsync
oracore : SlfFtell
oracore : SlfFtelln
oracore : SlfFwrite
oracore : SlfLseek
oracore : SlfLseekn
oracore : SlfMmap
oracore : SlfMunmap
oracore : SlfOpen
oracore : SlfRead
oracore : SlfRemove
oracore : SlfRename
oracore : SlfSetbuf
oracore : SlfSetvbuf
oracore : SlfStat
oracore : SlfStatn
oracore : SlfTmpfile
oracore : SlfTmpfile2
oracore : SlfTmpnam
oracore : SlfUngtc
oracore : SlfVfprintf
oracore : SlfWrite
oracore : Slfgfn
oracore : Slfpfn
oracore : SlnxDblFactors
oracore : SlnxDblPowers
oracore : SlnxLDblFactors
oracore : SlnxLDblPowers
oracore : SlnxUb8Powers
oracore : SlnxUbgPowers
oracore : Sls8FrTextErr
oracore : Sls8FrTextl
oracore : Sls8FrTextu
oracore : Sls8ToTextl
oracore : Sls8ToTextu
oracore : Sls8UtfConv
oracore : SltsPrDestroy
oracore : SltsPrInit
oracore : SltsPrRead
oracore : SltsPrUnlock
oracore : SltsPrWrite
oracore : SltsqSigFunc
oracore : Slu8FrTextErr
oracore : Slu8FrTextl
oracore : Slu8FrTextu
oracore : Slu8ToTextl
oracore : Slu8ToTextu
oracore : fstat
oracore : fstat64
oracore : gethrtime
oracore : lbivand
oracore : lbivffs
oracore : lbivncpy
oracore : lbivnot
oracore : lbivor
oracore : lbivpk
oracore : lbivupk
oracore : lbivxor
oracore : lcbvcp
oracore : lcbvo
oracore : lcbvpk
oracore : lcbvu
oracore : lcbvx
oracore : lcddmy
oracore : lcddrv
oracore : lcmcpp
oracore : lcmcpr
oracore : lcmcps
oracore : lcmlcomp
oracore : lcmlo
oracore : lcmrep
oracore : lcmrtb
oracore : lcmsub
oracore : lcmup
oracore : lcsap
oracore : lcscp
oracore : lcscpn
oracore : lcslcomp
oracore : lcslo
oracore : lcspd
oracore : lcsrj
oracore : lcsup
oracore : lctbnam
oracore : lctbval
oracore : lcunoop
oracore : lcv42b
oracore : lcv42h
oracore : lcvb24
oracore : lcvb2bg
oracore : lcvb2w
oracore : lcvb2werr
oracore : lcvbg2b
oracore : lcvd2e
oracore : lcvw2b
oracore : ldidom
oracore : ldigtzd
oracore : ldiisw
oracore : ldiisy
oracore : ldimtzd
oracore : ldipmbf
oracore : ldipmbl
oracore : ldipsbf
oracore : ldipsbl
oracore : ldirtzd
oracore : lditzfid
oracore : lditzver
oracore : ldiutzd
oracore : ldmClose
oracore : ldmCreateDefCtx
oracore : ldmCreateInstanceId
oracore : ldmCreateMsg
oracore : ldmCurrHostId
oracore : ldmCurrHostNwAddr
oracore : ldmCurrTimestamp
oracore : ldmDestroyEncStr
oracore : ldmDestroyMsg
oracore : ldmEncStr
oracore : ldmFlush
oracore : ldmGetComponentId
oracore : ldmGetDetailLocation
oracore : ldmGetDownstreamCompId
oracore : ldmGetErrorInstanceId
oracore : ldmGetExecContextId
oracore : ldmGetHostId
oracore : ldmGetHostNwAddr
oracore : ldmGetHostingClientId
oracore : ldmGetLastError
oracore : ldmGetMaxBusStopSize
oracore : ldmGetMaxSegmentSize
oracore : ldmGetMessageArgs
oracore : ldmGetMessageGroup
oracore : ldmGetMessageId
oracore : ldmGetMessageLevel
oracore : ldmGetMessageText
oracore : ldmGetMessageType
oracore : ldmGetModuleId
oracore : ldmGetOrganizationId
oracore : ldmGetProcessId
oracore : ldmGetSupplementalDetail
oracore : ldmGetTimestamp
oracore : ldmGetUpstreamCompId
oracore : ldmGetUserId
oracore : ldmInit
oracore : ldmOpen
oracore : ldmSetComponentId
oracore : ldmSetDetailLocation
oracore : ldmSetDownstreamCompId
oracore : ldmSetErrorInstanceId
oracore : ldmSetExecContextId
oracore : ldmSetHostId
oracore : ldmSetHostNwAddr
oracore : ldmSetHostingClientId
oracore : ldmSetMaxSizes
oracore : ldmSetMessageArgs
oracore : ldmSetMessageGroup
oracore : ldmSetMessageId
oracore : ldmSetMessageLevel
oracore : ldmSetMessageText
oracore : ldmSetMessageType
oracore : ldmSetModuleId
oracore : ldmSetOrganizationId
oracore : ldmSetProcessId
oracore : ldmSetSupplementalDetail
oracore : ldmSetTimestamp
oracore : ldmSetUpstreamCompId
oracore : ldmSetUserId
oracore : ldmTerm
oracore : ldmWrite
oracore : ldmWriteBuffer
oracore : ldmlogBufferStr
oracore : ldmlogInternalError
oracore : ldmlogLogStr
oracore : ldmlogWriteMsg
oracore : ldmmemAlloc
oracore : ldmmemFree
oracore : ldmmemInit
oracore : ldmmemTerm
oracore : ldxadm
oracore : ldxads
oracore : ldxatz
oracore : ldxbegin
oracore : ldxbeginu
oracore : ldxbufconv
oracore : ldxcbeg
oracore : ldxcbegu
oracore : ldxcdc
oracore : ldxcdcu
oracore : ldxchk
oracore : ldxcmp
oracore : ldxctj
oracore : ldxdfd
oracore : ldxdom
oracore : ldxdow
oracore : ldxdtd
oracore : ldxdts
oracore : ldxdtsu
oracore : ldxdyc
oracore : ldxdyf
oracore : ldxdyfl
oracore : ldxdyn
oracore : ldxend
oracore : ldxerr
oracore : ldxeti
oracore : ldxfcd
oracore : ldxfda
oracore : ldxfdci
oracore : ldxfde
oracore : ldxfdi
oracore : ldxfdx
oracore : ldxfdy
oracore : ldxftd
oracore : ldxfxd
oracore : ldxgpc
oracore : ldxgtz
oracore : ldxifs
oracore : ldxifsu
oracore : ldxini
oracore : ldxinv
oracore : ldxinvu
oracore : ldxisw
oracore : ldxisy
oracore : ldxite
oracore : ldxjtc
oracore : ldxldd
oracore : ldxlid16to8
oracore : ldxliducs2utf
oracore : ldxlxi
oracore : ldxlxt
oracore : ldxmcsz
oracore : ldxmcszu
oracore : ldxmdctx
oracore : ldxmdsz
oracore : ldxmfn
oracore : ldxmfnu
oracore : ldxmxsz
oracore : ldxnbeg
oracore : ldxnbegu
oracore : ldxnxd
oracore : ldxpaa
oracore : ldxpae
oracore : ldxpme1
oracore : ldxpme2
oracore : ldxpme3
oracore : ldxpme4
oracore : ldxpme5
oracore : ldxpme6
oracore : ldxpme7
oracore : ldxpme8
oracore : ldxpme9
oracore : ldxpmxa
oracore : ldxpv
oracore : ldxrck
oracore : ldxrdf
oracore : ldxrnd
oracore : ldxsbm
oracore : ldxsbml
oracore : ldxsdc
oracore : ldxsdcu
oracore : ldxsdd
oracore : ldxsddu
oracore : ldxsen
oracore : ldxsid
oracore : ldxsnf
oracore : ldxsnfcom
oracore : ldxspl
oracore : ldxstd
oracore : ldxstdnew
oracore : ldxstdu
oracore : ldxsti
oracore : ldxstiu
oracore : ldxsto
oracore : ldxstou
oracore : ldxtrn
oracore : ldxtzn
oracore : ldxutf16to8
oracore : ldxutf8to16
oracore : lehpcmp
oracore : lehpdrt
oracore : lehpdt
oracore : lehpinf
oracore : lehppcb
oracore : lehptrf
oracore : lekmrk
oracore : lekpadp
oracore : lekpdrm
oracore : lekpmxa
oracore : lekpmxi
oracore : lekpmxr
oracore : lekprc
oracore : lekpsade
oracore : lekpsbar
oracore : lekpsbas
oracore : lekpsdst
oracore : lekpsgne
oracore : lekpsilx
oracore : lekpsin
oracore : lekpsist
oracore : lekptade
oracore : lekptbar
oracore : lekptbas
oracore : lekptdst
oracore : lekptgne
oracore : lekptilx
oracore : lekptin
oracore : lekptist
oracore : lekrec
oracore : lekrev
oracore : lekrsc
oracore : leksces
oracore : lekschk
oracore : lekscmk
oracore : lekscrs
oracore : leksdec
oracore : leksdtm
oracore : leksfaa
oracore : leksfaf
oracore : leksged
oracore : leksgef
oracore : leksges
oracore : leksget
oracore : leksgnp
oracore : leksgpc
oracore : leksgpd
oracore : leksgse
oracore : leksgsv
oracore : leksilx
oracore : leksimk
oracore : leksini
oracore : leksnmk
oracore : leksres
oracore : leksric
oracore : leksriv
oracore : lekssli
oracore : leksterm
oracore : lektces
oracore : lektchk
oracore : lektcmk
oracore : lektcrs
oracore : lektdec
oracore : lektdtm
oracore : lektfaa
oracore : lektfaf
oracore : lektged
oracore : lektgef
oracore : lektges
oracore : lektget
oracore : lektgnp
oracore : lektgpc
oracore : lektgpd
oracore : lektgse
oracore : lektgsv
oracore : lektilx
oracore : lektimk
oracore : lektini
oracore : lektnmk
oracore : lektres
oracore : lektric
oracore : lektriv
oracore : lektsli
oracore : lektterm
oracore : lemanic
oracore : lemasi
oracore : lembem
oracore : lemces
oracore : lemchk
oracore : lemcis
oracore : lemcit
oracore : lemcmk
oracore : lemcrs
oracore : lemcss
oracore : lemctxsz
oracore : lemdec
oracore : lemdtm
oracore : lemfaa
oracore : lemfaf
oracore : lemfec
oracore : lemfic
oracore : lemfre
oracore : lemfri
oracore : lemgec
oracore : lemged
oracore : lemgef
oracore : lemgem
oracore : lemgep
oracore : lemget
oracore : lemgia
oracore : lemgnp
oracore : lemgpd
oracore : lemgse
oracore : lemgsv
oracore : lemini
oracore : leminit
oracore : lemmec
oracore : lemmfe
oracore : lemmic
oracore : lemmrk
oracore : lempbar
oracore : lempbas
oracore : lempfasi
oracore : lempfrec
oracore : lempfric
oracore : lempfrr
oracore : lempfrs
oracore : lempfsec
oracore : lempfsic
oracore : lempftas
oracore : lempftec
oracore : lempftic
oracore : lempgem
oracore : lempgfm
oracore : lempgmh
oracore : lempgsh
oracore : lempilx
oracore : lempin
oracore : lempint
oracore : lempllp
oracore : lempop
oracore : lemprc
oracore : lempres
oracore : lempres2
oracore : lemprsc
oracore : lemprse
oracore : lempsll
oracore : lemptef
oracore : lemptfr
oracore : lemptfs
oracore : lemptpo
oracore : lemptrs
oracore : lemrec
oracore : lemrev
oracore : lemric
oracore : lemrist
oracore : lemriv
oracore : lemsec
oracore : lemsev
oracore : lemsic
oracore : lemsiv
oracore : lemsli
oracore : lemsmc
oracore : lemtas
oracore : lemtav
oracore : lemtcr
oracore : lemtcs
oracore : lemtec
oracore : lemtev
oracore : lemtfe
oracore : lemtfi
oracore : lemtic
oracore : lemtiv
oracore : lfiabt
oracore : lfibfil
oracore : lfibfir
oracore : lfibfit
oracore : lfibflb
oracore : lfibfll
oracore : lfibflr
oracore : lfibflt
oracore : lfibfrb
oracore : lfibfrl
oracore : lfibfrr
oracore : lfibfrt
oracore : lfibgl
oracore : lfibini
oracore : lfiboot
oracore : lfibrdb
oracore : lfibrdl
oracore : lfibrdr
oracore : lfibrdt
oracore : lfibsk
oracore : lfibwrb
oracore : lfibwrl
oracore : lfibwrr
oracore : lfibwrt
oracore : lfichmod
oracore : lfichty
oracore : lficis
oracore : lficit
oracore : lficlean
oracore : lficls
oracore : lficr
oracore : lficrt
oracore : lficrtwp
oracore : lficstd
oracore : lfidel
oracore : lfidlb
oracore : lfieno
oracore : lfiextt
oracore : lfifcache
oracore : lfifcp
oracore : lfifex
oracore : lfiff
oracore : lfifini
oracore : lfiflu
oracore : lfifno
oracore : lfifpo
oracore : lfigblsz
oracore : lfigfn
oracore : lfignam
oracore : lfiisop
oracore : lfilen
oracore : lfilenn
oracore : lfilic
oracore : lfilif
oracore : lfilini
oracore : lfillae
oracore : lfillik
oracore : lfillil
oracore : lfillmem
oracore : lfillnx
oracore : lfillre
oracore : lfilsek
oracore : lfimkcache
oracore : lfimknam
oracore : lfimkpth
oracore : lfioldrd_OBSOLETE
oracore : lfioldwr_OBSOLETE
oracore : lfiopn
oracore : lfiostd
oracore : lfipdest
oracore : lfipthad
oracore : lfird
oracore : lfirec
oracore : lfiren
oracore : lfirist
oracore : lfiskb
oracore : lfiskbn
oracore : lfisni
oracore : lfitell
oracore : lfitelln
oracore : lfitrim
oracore : lfitrimn
oracore : lfiwr
oracore : lfiyfss
oracore : lfiywcs
oracore : lfpcd2cf
oracore : lfpcd2lnx
oracore : lfpcd2s
oracore : lfpcdbexp
oracore : lfpcdcoerce
oracore : lfpcdisnorm
oracore : lfpcdissubn
oracore : lfpcdmant
oracore : lfpcf2cd
oracore : lfpcf2lnx
oracore : lfpcf2s
oracore : lfpcfbexp
oracore : lfpcfcoerce
oracore : lfpcfisnorm
oracore : lfpcfissubn
oracore : lfpcfmant
oracore : lfpcfsafe
oracore : lfpfs2cd
oracore : lfpfs2cf
oracore : lfpinit
oracore : lfplnx2cd
oracore : lfplnx2cf
oracore : lfps2cde
oracore : lfps2cfdlnxe
oracore : lfps2cfe
oracore : lfvIsDefault
oracore : lfvIsOHSet
oracore : lfvIsVfsMode
oracore : lfvSetOHome
oracore : lfvTZFileName
oracore : lfvclose
oracore : lfvini
oracore : lfvini1
oracore : lfvini2
oracore : lfvinit
oracore : lfvopen
oracore : lfvpkgname
oracore : lfvpos
oracore : lfvread
oracore : lfvseek
oracore : lfvtlinsert
oracore : lfvtlremove
oracore : lfvtlsearch
oracore : lfvtyp
oracore : lfvtype
oracore : lhtqPrime
oracore : lmebco
oracore : lmebucp
oracore : lmlalloc
oracore : lmlcalloc
oracore : lmlfree
oracore : lmlinit
oracore : lmlterm
oracore : lmmcalloc
oracore : lmmcis
oracore : lmmcit
oracore : lmmfree
oracore : lmmfrthp
oracore : lmmfscalloc
oracore : lmmfsfree
oracore : lmmfshfree
oracore : lmmfshinit
oracore : lmmfsmalloc
oracore : lmmfsmemalign
oracore : lmmfsrealloc
oracore : lmmfsvalloc
oracore : lmmfsvrt
oracore : lmmgetfsmfp
oracore : lmmgetstmfp
oracore : lmmhpfree
oracore : lmmhpinit
oracore : lmmhpsz
oracore : lmmmalloc
oracore : lmmocallocblklist
oracore : lmmofreeblklist
oracore : lmmohfreeblklist
oracore : lmmomallocblklist
oracore : lmmoreallocblklist
oracore : lmmorec
oracore : lmmovallocblklist
oracore : lmmrealloc
oracore : lmmrist
oracore : lmmstbitcg
oracore : lmmstcalloc
oracore : lmmstchnk
oracore : lmmstcutlrg
oracore : lmmstfchnk
oracore : lmmstfree
oracore : lmmstfvrt
oracore : lmmstgslt
oracore : lmmsthfree
oracore : lmmsthinit
oracore : lmmstlrg
oracore : lmmstmalloc
oracore : lmmstmrg
oracore : lmmstrealloc
oracore : lmmstrmlrg
oracore : lmmstsml
oracore : lmmstszsm
oracore : lmmstvalloc
oracore : lmmstvrt
oracore : lmmtophp
oracore : lmmvalloc
oracore : lmtdcabs
oracore : lmtdcrel
oracore : lmtprime
oracore : lmx_check_ser_version_compat
oracore : lmx_get_ser_version
oracore : lmxconp2
oracore : lmxconpar
oracore : lmxver
oracore : lnxabs
oracore : lnxadd
oracore : lnxatn2
oracore : lnxban
oracore : lnxbex
oracore : lnxchk
oracore : lnxcmp
oracore : lnxcopy
oracore : lnxcpn
oracore : lnxcpng
oracore : lnxcpnu
oracore : lnxdec
oracore : lnxdisp2num
oracore : lnxdispchk
oracore : lnxdiv
oracore : lnxe
oracore : lnxfcn
oracore : lnxfcng
oracore : lnxfcnu
oracore : lnxflo
oracore : lnxfpr
oracore : lnxgfs
oracore : lnxgfsg
oracore : lnxgfsu
oracore : lnxinc
oracore : lnxint
oracore : lnxl10
oracore : lnxln
oracore : lnxlog
oracore : lnxmin
oracore : lnxmod
oracore : lnxmul
oracore : lnxn2c
oracore : lnxn2cg
oracore : lnxn2copt
oracore : lnxn2coptg
oracore : lnxn2cu
oracore : lnxn2disp
oracore : lnxn2pd
oracore : lnxn2pgp
oracore : lnxn2pps
oracore : lnxn2r
oracore : lnxn2zd
oracore : lnxn2zgp
oracore : lnxn2zps
oracore : lnxnba
oracore : lnxneg
oracore : lnxnfn
oracore : lnxnfng
oracore : lnxnfnu
oracore : lnxnft
oracore : lnxnftg
oracore : lnxnftu
oracore : lnxnuc
oracore : lnxnucg
oracore : lnxnucopt
oracore : lnxnucoptg
oracore : lnxnucu
oracore : lnxnur
oracore : lnxpd2n
oracore : lnxpfl
oracore : lnxpflg
oracore : lnxpflu
oracore : lnxpi
oracore : lnxpow
oracore : lnxq10ptr
oracore : lnxqIDiv
oracore : lnxqIMod
oracore : lnxqasc_chars
oracore : lnxqchk
oracore : lnxqcom_chars
oracore : lnxqe
oracore : lnxqebc_chars
oracore : lnxqeptr
oracore : lnxqgnm
oracore : lnxqgte
oracore : lnxqgtln10
oracore : lnxqgtneg1
oracore : lnxqgtone
oracore : lnxqgtpi
oracore : lnxqgtten
oracore : lnxqgtzero
oracore : lnxqh2n
oracore : lnxqln10
oracore : lnxqlntenptr
oracore : lnxqn1ptr
oracore : lnxqn2h
oracore : lnxqneg1
oracore : lnxqoptr
oracore : lnxqosb
oracore : lnxqpi
oracore : lnxqpiptr
oracore : lnxqpos1
oracore : lnxqsbo
oracore : lnxqten
oracore : lnxqtra
oracore : lnxqtri
oracore : lnxqtwo
oracore : lnxqzero
oracore : lnxqzptr
oracore : lnxr2n
oracore : lnxrem
oracore : lnxren
oracore : lnxrou
oracore : lnxsca
oracore : lnxscn
oracore : lnxscng
oracore : lnxscnu
oracore : lnxsgn
oracore : lnxshift
oracore : lnxsni
oracore : lnxsqr
oracore : lnxsub
oracore : lnxsum
oracore : lnxtru
oracore : lnxvsum
oracore : lnxzd2n
oracore : lpmapd
oracore : lpmarrfuncs
oracore : lpmatterm
oracore : lpmcall
oracore : lpmcsin
oracore : lpmcsmem
oracore : lpmcspo
oracore : lpmcspu
oracore : lpmcste
oracore : lpmdelete
oracore : lpmdone
oracore : lpmexitprog
oracore : lpmgetcompctx
oracore : lpmiftfs
oracore : lpminit
oracore : lpminitm
oracore : lpmllae
oracore : lpmllil
oracore : lpmllmem
oracore : lpmllne
oracore : lpmllre
oracore : lpmloadpkg
oracore : lpmmkpri
oracore : lpmpali
oracore : lpmpapb
oracore : lpmpce
oracore : lpmpchex
oracore : lpmpfin
oracore : lpmpfpb
oracore : lpmpgif
oracore : lpmpglpc
oracore : lpmpistoremeta
oracore : lpmpmai
oracore : lpmprec
oracore : lpmprinit
oracore : lpmprinitm
oracore : lpmprterm
oracore : lpmrist
oracore : lpmsavecompctx
oracore : lpmstoremeta
oracore : lpmterm
oracore : lpu64encode
oracore : lpubufc
oracore : lpuclose
oracore : lpuclosec
oracore : lpucompose
oracore : lpucomposec
oracore : lpucopy
oracore : lpudecode
oracore : lpuencode
oracore : lpuerrmsgc
oracore : lpuerror
oracore : lpuerrorc
oracore : lpuflushc
oracore : lpugetcb
oracore : lpugets
oracore : lpuheaderc
oracore : lpuihdlc
oracore : lpuinit
oracore : lpuinitc
oracore : lpuinitcva
oracore : lpumakec
oracore : lpumakecva
oracore : lpuopen
oracore : lpuopenc
oracore : lpuopencva
oracore : lpuopeniri
oracore : lpuparse
oracore : lpuparseiri
oracore : lpuparseirl
oracore : lpupath
oracore : lpuread
oracore : lpureadc
oracore : lpuresolve
oracore : lpusetcb
oracore : lpusets
oracore : lpusetsc
oracore : lpusimplify
oracore : lputerm
oracore : lputermc
oracore : lrmaikv
oracore : lrmailp
oracore : lrmaipp
oracore : lrmaivv
oracore : lrmavla
oracore : lrmavlc
oracore : lrmavlo
oracore : lrmckv
oracore : lrmcpc
oracore : lrmcvv
oracore : lrmdtf
oracore : lrmfkv
oracore : lrmfrc
oracore : lrmg8v
oracore : lrmgakv
oracore : lrmgbv
oracore : lrmgc
oracore : lrmgiv
oracore : lrmgonv
oracore : lrmgps
oracore : lrmgsp
oracore : lrmgsv
oracore : lrmhcb
oracore : lrmhorv
oracore : lrmini
oracore : lrminit
oracore : lrminiu
oracore : lrmpaa
oracore : lrmpas
oracore : lrmpatk
oracore : lrmperr
oracore : lrmpev
oracore : lrmpfi
oracore : lrmpgcm
oracore : lrmpgcs
oracore : lrmpgpi
oracore : lrmpgql
oracore : lrmpgvo
oracore : lrmphcr
oracore : lrmphcv
oracore : lrmphde
oracore : lrmphhv
oracore : lrmphin
oracore : lrmphse
oracore : lrmpkey
oracore : lrmplex
oracore : lrmppcis
oracore : lrmppcr
oracore : lrmppde
oracore : lrmppeh
oracore : lrmppfr
oracore : lrmppin
oracore : lrmprh
oracore : lrmprhsc
oracore : lrmpst
oracore : lrmpstv
oracore : lrmpsvp
oracore : lrmpu16to8
oracore : lrmpu8to16
oracore : lrmpufree
oracore : lrmpzax
oracore : lrmpzpparse
oracore : lrmrlid
oracore : lrmsli
oracore : lrmsmv
oracore : lrmsps
oracore : lrmspv
oracore : lrmspv2
oracore : lrmt2b
oracore : lrmt2i
oracore : lrmt2i8
oracore : lrmt2on
oracore : lrmtrm
oracore : lrmvsk2
oracore : lrmvskv
oracore : lsf3old
oracore : lsf3olp
oracore : lsf3olv
oracore : lsfcal
oracore : lsfcln
oracore : lsfcln2
oracore : lsfcrl
oracore : lsfdal
oracore : lsfdcnt
oracore : lsfdi
oracore : lsfdiv
oracore : lsfdl
oracore : lsfdlv
oracore : lsfdrl
oracore : lsfdrm
oracore : lsfdval
oracore : lsfini
oracore : lsfiniu
oracore : lsfmai
oracore : lsfocdtm
oracore : lsfofgtext
oracore : lsfognp
oracore : lsfohwf
oracore : lsforec
oracore : lsfotptext
oracore : lsfp
oracore : lsfpcbg
oracore : lsfpcme
oracore : lsfpcon
oracore : lsfpcpad
oracore : lsfpcst
oracore : lsfpd
oracore : lsfpv
oracore : lsfsli
oracore : lsfu16to8
oracore : lsfu8to16
oracore : lsfxtsi
oracore : lsrbsx
oracore : lsrsrt
oracore : lsrsrx
oracore : lstap
oracore : lstat
oracore : lstat64
oracore : lstcap
oracore : lstclo
oracore : lstcpad
oracore : lstcpn
oracore : lstcppad
oracore : lstcprs
oracore : lstcpyr
oracore : lstczpad
oracore : lstlo
oracore : lstmclo
oracore : lstmlo
oracore : lstmup
oracore : lstpad
oracore : lstpmbm
oracore : lstpmpbm
oracore : lstprintf
oracore : lstrep
oracore : lstrj
oracore : lstrtb
oracore : lstss
oracore : lsttokr
oracore : lstup
oracore : ltmctg
oracore : ltmctm
oracore : ltmdei
oracore : ltmdif
oracore : ltmdrv
oracore : ltmdvp
oracore : ltmftg
oracore : ltmftm
oracore : ltmini
oracore : ltmngid
oracore : ltmnpl
oracore : ltmntm
oracore : ltmntp
oracore : ltmnxp
oracore : ltmper
oracore : ltmrml
oracore : ltmstg
oracore : ltmstm
oracore : ltmtxp
oracore : ltsini
oracore : ltsmdi
oracore : ltsmxd
oracore : ltsmxi
oracore : ltster
oracore : ltstidd
oracore : ltstidi
oracore : ltstma
oracore : ltstmd
oracore : ltstmi
oracore : ltstmr
oracore : ltzAscEbcConvert
oracore : ltzAscEbcConvertR
oracore : ltzCheckZoneExists
oracore : ltzCmp
oracore : ltzFreeTransArray
oracore : ltzGet
oracore : ltzGet1
oracore : ltzGetDelta
oracore : ltzGetFileContentVer
oracore : ltzGetFileID
oracore : ltzGetFileVersion
oracore : ltzGetIndex
oracore : ltzGetLocal
oracore : ltzGetLocalA
oracore : ltzGetLocalByIndex
oracore : ltzGetTransArray
oracore : ltzGetZoneDelta
oracore : ltzGetZoneDeltaSize
oracore : ltzGetZoneDeltaTrans
oracore : ltzGetZoneDeltaTransNum
oracore : ltzID
oracore : ltzLookup
oracore : ltzName
oracore : ltzPriFromSynUpg
oracore : ltzPriZonesFromSyn
oracore : ltzRead
oracore : ltzStep
oracore : ltzStepA
oracore : ltzStepB
oracore : ltzTZGetDeltaFromDisk
oracore : lvfgenver
oracore : lwemade
oracore : lwemadp
oracore : lwembar
oracore : lwembas
oracore : lwemces
oracore : lwemcln
oracore : lwemcmk
oracore : lwemdec
oracore : lwemdst
oracore : lwemdtm
oracore : lwemfaa
oracore : lwemfaf
oracore : lwemgec
oracore : lwemged
oracore : lwemgef
oracore : lwemgep
oracore : lwemget
oracore : lwemgfe
oracore : lwemgfl
oracore : lwemgia
oracore : lwemgie
oracore : lwemgin
oracore : lwemglm
oracore : lwemgne
oracore : lwemgnp
oracore : lwemgpa
oracore : lwemgpd
oracore : lwemgse
oracore : lwemgsf
oracore : lwemgsv
oracore : lwemilx
oracore : lwemimk
oracore : lwemist
oracore : lwemmrk
oracore : lwemmxa
oracore : lwemmxi
oracore : lwemmxr
oracore : lwemnmk
oracore : lwemrec
oracore : lwemres
oracore : lwemrev
oracore : lwemsll
oracore : lwemslm
oracore : lwemvep
oracore : lwsfdal
oracore : lwsfdcnt
oracore : lwsfder
oracore : lwsfdg
oracore : lwsfdi
oracore : lwsfdiv
oracore : lwsfdlv
oracore : lwsfdrl
oracore : lwsfdrm
oracore : lwsfdsev
oracore : lwsfdval
oracore : mkdirp
oracore : osx_header
oracore : other_ic_pkgs_lfv
oracore : pz5arlcl
oracore : pz5arlfr
oracore : pz5arlgc
oracore : pz5arlge
oracore : pz5ckcallb
oracore : pz5ckcallb7
oracore : pz5ctxfr
oracore : pz5ctxfr7
oracore : pz5goto
oracore : pz5goto7
oracore : pz5spus
oracore : pz5spus7
oracore : pz5strt
oracore : pz5strt7
oracore : pz7arlcl
oracore : pz7arlfr
oracore : pz7arlgc
oracore : pz7arlge
oracore : sLdiGetDate
oracore : sLdiGetFullPath
oracore : sLdiPickOTZF
oracore : sLdiReadDir
oracore : sLdiTZGetFileInfo
oracore : sLdiTZReadFile
oracore : slcdalloc
oracore : slcdfree
oracore : slcexit
oracore : slcgems
oracore : slcma2e
oracore : slcme2a
oracore : slcswap
oracore : slctbes
oracore : slctbev
oracore : slcvs2ptr
oracore : sldigpt
oracore : sldigpts
oracore : sldigsz
oracore : sldirtzd
oracore : sldmClose
oracore : sldmCreateUid
oracore : sldmGetDefPath
oracore : sldmInit
oracore : sldmOpen
oracore : sldmTerm
oracore : sldmWrite
oracore : sldmui
oracore : sldxgd
oracore : slehjmbuf
oracore : slekgps
oracore : slemdsp
oracore : slemgps
oracore : slemtgp
oracore : slficf
oracore : slfichmod
oracore : slficl
oracore : slfidp
oracore : slfifcp
oracore : slfiff
oracore : slfifi
oracore : slfifl
oracore : slfifn
oracore : slfifp
oracore : slfifx
oracore : slfigf
oracore : slfign
oracore : slfimp
oracore : slfiop
oracore : slfipa
oracore : slfipfoc
oracore : slfipn
oracore : slfipsbs
oracore : slfipsln
oracore : slfipstl
oracore : slfirb
oracore : slfirdb
oracore : slfiren
oracore : slfirf
oracore : slfirl
oracore : slfirn
oracore : slfirs
oracore : slfisk
oracore : slfiskb
oracore : slfitcl
oracore : slfitcn
oracore : slfitlb
oracore : slfitll
oracore : slfitlt
oracore : slfitn
oracore : slfitrim
oracore : slfitsb
oracore : slfitsl
oracore : slfitst
oracore : slfiwb
oracore : slfiwl
oracore : slfiwrb
oracore : slfiws
oracore : slfpabs
oracore : slfpacos
oracore : slfpasin
oracore : slfpatan
oracore : slfpatan2
oracore : slfpcos
oracore : slfpcosh
oracore : slfpd2f
oracore : slfpd2fe
oracore : slfpd2fs
oracore : slfpd2lnx
oracore : slfpd2lnxl
oracore : slfpd2s
oracore : slfpd2sb
oracore : slfpdadd
oracore : slfpdceil
oracore : slfpdcoerce
oracore : slfpddiv
oracore : slfpdeq
oracore : slfpdfloor
oracore : slfpdge
oracore : slfpdgt
oracore : slfpdisinf
oracore : slfpdisnan
oracore : slfpdisnzero
oracore : slfpdispzero
oracore : slfpdle
oracore : slfpdlt
oracore : slfpdmul
oracore : slfpdne
oracore : slfpdneg
oracore : slfpdround
oracore : slfpdsgn
oracore : slfpdsqrt
oracore : slfpdsub
oracore : slfpdtoa
oracore : slfpdtrunc
oracore : slfpecvt
oracore : slfpexp
oracore : slfpf2d
oracore : slfpf2fs
oracore : slfpf2lnx
oracore : slfpf2s
oracore : slfpf2sb
oracore : slfpfabs
oracore : slfpfadd
oracore : slfpfceil
oracore : slfpfcoerce
oracore : slfpfdiv
oracore : slfpfeq
oracore : slfpffloor
oracore : slfpfge
oracore : slfpfgt
oracore : slfpfisinf
oracore : slfpfisnan
oracore : slfpfisnzero
oracore : slfpfispzero
oracore : slfpfle
oracore : slfpflt
oracore : slfpfmod
oracore : slfpfmul
oracore : slfpfne
oracore : slfpfneg
oracore : slfpfrem
oracore : slfpfround
oracore : slfpfs2d
oracore : slfpfs2de
oracore : slfpfs2f
oracore : slfpfs2fe
oracore : slfpfsgn
oracore : slfpfsqrt
oracore : slfpfsub
oracore : slfpftrunc
oracore : slfpinit
oracore : slfpisnorm
oracore : slfpln
oracore : slfplnx2d
oracore : slfplnx2f
oracore : slfplog
oracore : slfpmatch
oracore : slfpmod
oracore : slfppow
oracore : slfprem
oracore : slfps2de
oracore : slfps2fe
oracore : slfpsb2d
oracore : slfpsb2f
oracore : slfpsca
oracore : slfpsin
oracore : slfpsinh
oracore : slfptan
oracore : slfptanh
oracore : slfvCalloc
oracore : slfvDirShlibName
oracore : slfvFree
oracore : slfvMalloc
oracore : slfvRealloc
oracore : slmaacb
oracore : slmeswap
oracore : slmmpreinit
oracore : slmmstmsr
oracore : slmtnacos
oracore : slmtnasin
oracore : slmtnatan2
oracore : slmtnatof
oracore : slmtnatol
oracore : slmtncosh
oracore : slmtnexp
oracore : slmtnfmod
oracore : slmtnl10
oracore : slmtnldexp
oracore : slmtnlog
oracore : slmtnpow
oracore : slmtnsinh
oracore : slmtnsqrt
oracore : slmttacos
oracore : slmttasin
oracore : slmttatan2
oracore : slmttatof
oracore : slmttatol
oracore : slmttcosh
oracore : slmttexp
oracore : slmttfmod
oracore : slmttl10
oracore : slmttldexp
oracore : slmttlog
oracore : slmttpow
oracore : slmttsinh
oracore : slmttsqrt
oracore : slmxdoscan
oracore : slmxgetncpu
oracore : slmxnoop
oracore : slnxGetGloPtr
oracore : slnxNumToPd_N
oracore : slnxNumToPd_P
oracore : slnxPdToNum_N
oracore : slnxPdToNum_P
oracore : slnxn2p
oracore : slnxn2z
oracore : slnxp2n
oracore : slnxz2n
oracore : slnxzpd
oracore : slosDep2Mesg
oracore : slosDep2String
oracore : slosFillErr
oracore : slosFillInt
oracore : slosOtherInfo
oracore : slpmadp
oracore : slpmali
oracore : slpmapb
oracore : slpmfin
oracore : slpmfpb
oracore : slpmgexedesccore
oracore : slpmgged
oracore : slpmggpt
oracore : slpmgprodstabcore
oracore : slpmgpt
oracore : slpmini
oracore : slpmloc
oracore : slpmstor
oracore : slputcpaccept
oracore : slputcpclose
oracore : slputcpinit
oracore : slputcplisten
oracore : slputcplisten2
oracore : slputcpnameinfo
oracore : slputcpopen
oracore : slputcpopen2
oracore : slputcpread
oracore : slputcprecv
oracore : slputcpwrite
oracore : slrandom
oracore : slrdregfn
oracore : slrdunregfn
oracore : slrreg
oracore : slrrescbkfnreg
oracore : slsfpdvoidp
oracore : slsfpfuncp
oracore : slslameta
oracore : slslfmeta
oracore : slslgetmeta
oracore : slslini
oracore : slsta2e
oracore : slste2a
oracore : slstgaetbl
oracore : slstgeatbl
oracore : sltmarm
oracore : sltmdei
oracore : sltmdf
oracore : sltmena
oracore : sltmgcs
oracore : sltmgms
oracore : sltmini
oracore : sltmti
oracore : sltmtmr
oracore : sltrgatime64
oracore : sltrgcs
oracore : sltrgftime64
oracore : sltrusleep
oracore : sltsThndIsNull
oracore : sltsThndIsSame
oracore : sltsThrIsNull
oracore : sltsThrIsSame
oracore : slts_runmode
oracore : slts_tls_defaultns
oracore : slts_tls_getaddr
oracore : sltsima
oracore : sltsimr
oracore : sltsimt
oracore : sltsini
oracore : sltskamlist
oracore : sltskanalysis
oracore : sltskcbroadcast
oracore : sltskcdestroy
oracore : sltskcinit
oracore : sltskckthr
oracore : sltskcsignal
oracore : sltskcwait
oracore : sltskdetection
oracore : sltskdetection_nodebug
oracore : sltskdfs
oracore : sltskdldetect
oracore : sltskfcycle
oracore : sltskfmlist
oracore : sltskfreeinfo
oracore : sltskgcount
oracore : sltskgetinfoptr
oracore : sltskgwcount
oracore : sltskgwcount_nodebug
oracore : sltskinitinfo
oracore : sltskisinitinfo
oracore : sltskjadd
oracore : sltskjfree
oracore : sltskjinit
oracore : sltskjremove
oracore : sltskla
oracore : sltsklr
oracore : sltsklt
oracore : sltskmacq
oracore : sltskmdes
oracore : sltskminit
oracore : sltskmrel
oracore : sltskmtacq
oracore : sltskoadd
oracore : sltskoremove
oracore : sltskrdestroy
oracore : sltskretrievedata
oracore : sltskretrievedata_nodebug
oracore : sltskrinit
oracore : sltskrmlist
oracore : sltskrread
oracore : sltskrunlock
oracore : sltskrwrite
oracore : sltsksdestroy
oracore : sltsksinit
oracore : sltskspost
oracore : sltskswait
oracore : sltskvdata
oracore : sltskvgetthr
oracore : sltskvinsertthr
oracore : sltskvoutput
oracore : sltskwadd
oracore : sltskwremove
oracore : sltskxaddele
oracore : sltskxcolinit
oracore : sltskxfree
oracore : sltskxinit
oracore : sltskxrowinit
oracore : sltskyCleanup
oracore : sltskyc
oracore : sltskydestroy
oracore : sltskyg
oracore : sltskys
oracore : sltsmda
oracore : sltsmdi
oracore : sltsmdr
oracore : sltsmdt
oracore : sltsmna
oracore : sltsmnr
oracore : sltsmnt
oracore : sltsmxd
oracore : sltsmxi
oracore : sltspcbroadcast
oracore : sltspcdestroy
oracore : sltspcinit
oracore : sltspcsignal
oracore : sltspctimewait
oracore : sltspcwait
oracore : sltspin
oracore : sltspla
oracore : sltsplr
oracore : sltsplt
oracore : sltspsdestroy
oracore : sltspsinit
oracore : sltspspost
oracore : sltspswait
oracore : sltsqKeyAdd
oracore : sltsqKeyCleanup
oracore : sltsqKeyDelete
oracore : sltsqKeyDestructor
oracore : sltsqKeyListHead_
oracore : sltsqKeyListHead_D
oracore : sltsqKeyListTail_
oracore : sltsqKeyListTail_D
oracore : sltsqgc
oracore : sltsqgi
oracore : sltsqgm
oracore : sltsrsa
oracore : sltsrsr
oracore : sltsrst
oracore : sltstah
oracore : sltstai
oracore : sltstan
oracore : sltstcl
oracore : sltstcr
oracore : sltstcu
oracore : sltster
oracore : sltstgetp
oracore : sltstgh
oracore : sltstgi
oracore : sltsthan
oracore : sltsthnddestroy
oracore : sltsthndinit
oracore : sltstiddestroy
oracore : sltstidinit
oracore : sltstjn
oracore : sltstkill
oracore : sltstprint
oracore : sltstsetp
oracore : sltstspawn
oracore : sltsttr
oracore : sltstyield
oracore : slwmmgetmem
oracore : slwmmputmem
oracore : slzerrstr
oracore : slzgetevar
oracore : slzprintf
oracore : slzscanf
oracore : slzsetevar
oracore : slztln
oracore : slzubsetevar
oracore : smxaacb
oracore : ssMemCalloc
oracore : ssMemCalloc_shared
oracore : ssMemFree
oracore : ssMemFree_shared
oracore : ssMemMalloc
oracore : ssMemMalloc_shared
oracore : ssMemRealloc
oracore : ssMemRealloc_shared
oracore : ssMemStrdup
oracore : ssMemStrdup_shared
oracore : ssOswClose
oracore : ssOswCreat
oracore : ssOswDlclose
oracore : ssOswDlopen
oracore : ssOswDup
oracore : ssOswDup2
oracore : ssOswFclose
oracore : ssOswFdopen
oracore : ssOswFopen
oracore : ssOswFreopen
oracore : ssOswOpen
oracore : ssOswPclose
oracore : ssOswPipe
oracore : ssOswPopen
oracore : ssOswPthread_mutex_lock
oracore : ssOswPthread_mutex_trylock
oracore : ssOswPthread_mutex_unlock
oracore : ssOswRecvSockFd
oracore : ssOswSocket
oracore : ss_lmxd2e
oracore : ss_mem_walc
oracore : ss_mem_wcalloc
oracore : ss_mem_wfre
oracore : ss_mem_wrealloc
oracore : ss_mem_wstrdup
oracore : ss_mxmove
oracore : ss_osw_wclose
oracore : ss_osw_wcreat
oracore : ss_osw_wdlclose
oracore : ss_osw_wdlopen
oracore : ss_osw_wdup
oracore : ss_osw_wdup2
oracore : ss_osw_wfclose
oracore : ss_osw_wfdopen
oracore : ss_osw_wfopen
oracore : ss_osw_wfreopen
oracore : ss_osw_wopen
oracore : ss_osw_wpclose
oracore : ss_osw_wpipe
oracore : ss_osw_wpopen
oracore : ss_osw_wpthread_mutex_lock
oracore : ss_osw_wpthread_mutex_trylock
oracore : ss_osw_wpthread_mutex_unlock
oracore : ss_osw_wrecvsockfd
oracore : ss_osw_wsocket
oracore : sslcsig
oracore : sslpminit
oracore : sslsetprec
oracore : sslsigaltstack
oracore : sslsigprh
oracore : sslsigprobe
oracore : sslsigreghdlr
oracore : sslsigreghndlr
oracore : sslsleep
oracore : sslslged
oracore : sslslgmp
oracore : sslslini
oracore : sslslstashp
oracore : sslssAsynchHdlr
oracore : sslssBlockAsynchSignals
oracore : sslssExcount_
oracore : sslssExcount_D
oracore : sslssGetMasterFunc
oracore : sslssGetMasterFunc_oracore
oracore : sslssHelperAsynchHdlr
oracore : sslssIsSynchSignal
oracore : sslssThreadCleanup
oracore : sslssThreadKill
oracore : sslssThreadalck
oracore : sslssThreadglobuf_
oracore : sslssThreadglobuf_D
oracore : sslssThreadhdtm_
oracore : sslssThreadhdtm_D
oracore : sslssThreadtehdlr
oracore : sslssThreadtltm_
oracore : sslssThreadtltm_D
oracore : sslssThreadtminit_
oracore : sslssThreadtminit_D
oracore : sslssalck
oracore : sslssarm
oracore : sslsscrash
oracore : sslssfd
oracore : sslssgettime
oracore : sslssglobuf
oracore : sslsshandler
oracore : sslsshdtm
oracore : sslssinit
oracore : sslssmodhdlr
oracore : sslssrecursivemx
oracore : sslssrecursivemx_acquire
oracore : sslssrecursivemx_cleanup
oracore : sslssrecursivemx_destroy
oracore : sslssrecursivemx_init
oracore : sslssrecursivemx_release
oracore : sslssreghdlr
oracore : sslsssltsctx
oracore : sslsssuspend
oracore : sslsssynchsigs
oracore : sslssterm
oracore : sslssthreaded
oracore : sslsstltm
oracore : sslssunreghdlr
oracore : ssltssigmask
oracore : ssltstraise
oracore : sslz_setgrentcalled_
oracore : sslz_setgrentcalled_D
oracore : sslzendgrent
oracore : sslzgetgrent
oracore : sslzsetgrent
oracore : stat
oracore : stat64
xdk : _ZN4Attr8setValueEPh
xdk : _ZN13CharacterData11replaceDataEmmPh
xdk : _ZN8XPObject10getnsetvalEv
xdk : LpxRenameNodeNS
xdk : LpxbufKeep
xdk : lpxdeatype
xdk : XdkEncodeStrings
xdk : LpxErrMsg
xdk : LpxEvGetAttrLocalNameOffset
xdk : LpxHashNString2
xdk : LpxClean
xdk : LpxmCopyToSAXBuf
xdk : LpxmemSize
xdk : LpxParEvNext
xdk : LpxvNoDuplicate
xdk : printCallbackEnc
xdk : setPIData
xdk : XdkDomGetDecl
xdk : XmlXppEndPoint
xdk : XmlXPtrLocToString
xdk : LpxXPathSetNSFunction
xdk : lpxxpdup
xdk : lpxevalcomparenset
xdk : lpxgetaxis
xdk : lpxlppaxnodetest
xdk : lpxparsefreeexpr
xdk : lpxpatternmatch
xdk : LpxPrCleanXSLCtx
xdk : lpxsASProcessAttrSets
xdk : LpxsAttrProcessAction
xdk : lpxsCaTProcessAction
xdk : LpxsCondProcessAction
xdk : LpxsCopyProcessAction
xdk : LpxsElemProcessAction
xdk : lpxsKeyKey
xdk : LpxsNumberDecimalFormat
xdk : lpxsQNameFree
xdk : lpxsSSGetDocRoot
xdk : lpxsSelectionProcessAction
xdk : lpxsSortNodes
xdk : lpxsSpaceElemMatchWildCard
xdk : LpxsTextProcessAction
xdk : LpxsTPLApplyImports
xdk : LpxsutMakeAxisTable
xdk : lpxsVariableInsureBinding
xdk : lpxsVOProcessAction
xdk : lpxsWCMatch
xdk : LpxutFreeArray
xdk : lpxxpelemavail
xdk : XmlProp
xdk : XmlDomRangeIsConsistent
xdk : XmlTrcSetHandler
xdk : XmlEventGetBlock
xdk : XmlEvDispatch21
xdk : XmlXslDestroy
xdk : XmlXPathGetObjectNSetNode
xdk : XmlHashAdd
xdk : xdkcb
xdk : XdkErrInputInfo
xdk : LpxFSMTerm
xdk : LpxFSMbufNext
xdk : LpxFSMEvGetPERepl
xdk : LpxFSMUCS2EvParseProlog
xdk : XmlUrlGetCallback
xdk : _ZN9XMLSchema6targetEP3xsd
xdk : LsxLoadDepFromCache
xdk : LsxcGetInSameNext
xdk : LsxErrMsg
xdk : LsxFacetComponent
xdk : LsxStkNextRun
xdk : LsxuListCopy
xdk : LsxvConv2Schema
xdk : LsxvmPatternMatch
xdk : schemaTarget
xdk : XmlSchemaLocationListGetNext
xdk : XmlXsdWildcardGetAnnot
xdk : XmlSvEventGetVersion
xdk : xdminfo
xdk : SchGetBuiltInTypeName
xdk : _ZN17XMLClassGenerator8generateEP3xsdPhS2_
xdk : ltxShowXmlNode
xdk : ltxtLangToLid
xdk : XmlXvmGetXMLCtx
xdk : ltxqIsChoiceOrAll
xdk : ltxqssPrint
xdk : ltxcGetAttrByName
xdk : ltxcTranAttrValueTemp
xdk : ltxcGetXCTX
xdk : ltxcIsSpaces
xdk : ltxcCompNodeTests
xdk : ltxcILPrint
xdk : ltxcILtoPattternCode
xdk : ltxvmGetOutputMethod
xdk : ltxvmTerminate
xdk : ltxvmCopyOf
xdk : ltxvmXSLSortEnd
xdk : ltxvmStreamPI
xdk : ltxvmshowmaxsp
xdk : ltxvmStackPush
xdk : XmlSoapGetReasonLang
xdk : XmlDavRespGetCode
xdk : xqcSetPrint
xdk : xqcTokenStringWhole
xdk : xqtIsSameEncoding
xdk : XmlDiff
xdk : xdfattrul
xdk : xdfgdiff
xdk : xdfob
xdk : xdfldiff
xdk : XmlPatch
xdk : xdfseqdiff
xdk : xdfdhash
xdk : XmlHash
xdk : printCastableTable
xdk : xvtIsSameEncoding
xdk : xvsdFltIsInRange
xdk : xvcIsSimpleXPath
xdk : xvcCompBuffer
xdk : xvcModCtxGetPrefix
xdk : xvcExtVarEnd
xdk : xvcgenIsForClause
xdk : xvcNodePushable
xdk : xvcInsertUpNode
xdk : xvcilPushdown
xdk : xvcilPrintSerialized
xdk : xvcSymTblGetFuncId
xdk : xvcpdMarkPushdown
xdk : xvmdmTypedValue
xdk : xvopCompNotation
xdk : xqupdAddCopyNode
xdk : xqftGetState
xdk : xqftDelinearize
xdk : xqftDefltPrepCtx
xdk : xvmFreeRslt
xdk : xvmWSpaceProcess
xdk : xvmFreeFrag
xdk : xvmfn_concat
xdk : xvmStreamPI
xdk : xvmshowstack
xdk : xvmModulePopEvalCode
xdk : xvmNodeComp
xdk : xvm_setIterObj
xdk : xvmItrStackClean
xdk : xregcNotSpace
xdk : xtiMemTerm
xdk : xtiddomcb
xdk : xtinComp
xdk : xtifGetCB
xdk : xticAddName
xdk : xtidGetDecl
xdk : xtidGetRootNodeAddr_XDB
xdk : xtimGetDecl
xdk : _ZNK9OracleXml4Soap18SoapExceptionCImpl7getCodeEv
xdk : _ZN9OracleXml3Ctx12MemAllocatorD1Ev
xdk : _ZNK9OracleXml3Dom17DOMExceptionCImpl7getCodeEv
xdk : _ZNK8XmlCtxNS17XmlExceptionCImpl7getCodeEv
xdk : _ZNK8XmlCtxNS17XmlExceptionCImpl7getCodeEv
xdk : _ZNK8XmlCtxNS17XmlExceptionCImpl7getCodeEv
xdk : _ZNK8XmlCtxNS17XmlExceptionCImpl7getCodeEv
xdk : _ZNK8XmlCtxNS17XmlExceptionCImpl7getCodeEv
xdkjni : Java_oracle_xml_parser_v2_XMLNodeWriter_xdbreadNodeValueNative
xdkjni : Java_oracle_xml_parser_v2_XMLNodeWriter_xdbflushCharacterOutputStream
xdkjni : Java_oracle_xml_parser_v2_XMLNodeWriter_xdbcloseCharacterOutputStream
xdkjni : Java_oracle_xml_parser_v2_XMLNodeWriter_xdbwriteCharacterOutputStream
xdkjni : Java_oracle_xml_parser_v2_XMLNodeWriter_xdbcreateXMLCOS
xdkjni : Java_oracle_xml_parser_v2_XMLNodeOutputStream_xdbwriteBinaryOutputStream
xdkjni : Java_oracle_xml_parser_v2_XMLNodeOutputStream_xdbgetNodeValueAsBinaryPushStreamNative
xdkjni : Java_oracle_xml_parser_v2_XMLNodeOutputStream_xdbflushBinaryOutputStream
xdkjni : Java_oracle_xml_parser_v2_XMLNodeOutputStream_xdbcreateXMLBOS
xdkjni : Java_oracle_xml_parser_v2_XMLNodeOutputStream_xdbcloseBinaryOutputStream
xdkjni : Java_oracle_xml_parser_v2_XMLNodeReader_xdbreadCharacterInputStream
xdkjni : Java_oracle_xml_parser_v2_XMLNodeReader_xdbcreateXMLCIS
xdkjni : Java_oracle_xml_parser_v2_XMLNodeReader_xdbcloseCharacterInputStream
xdkjni : Java_oracle_xml_parser_v2_XMLNodeInputStream_xdbreadBinaryInputStream
xdkjni : Java_oracle_xml_parser_v2_XMLNodeInputStream_xdbcreateXMLBIS
xdkjni : Java_oracle_xml_parser_v2_XMLNodeInputStream_xdbcloseBinaryInputStream
xdkjni : Java_oracle_xml_parser_v2_DTDDecl_xdbGetNodeMapLength
xdkjni : Java_oracle_xml_parser_v2_DTDDecl_xdbGetNodeMapItem
xdkjni : Java_oracle_xml_parser_v2_DTDDecl_xdbGetNamedItem
xdkjni : Java_oracle_xml_parser_v2_DTD_xdbGetDTDName
xdkjni : Java_oracle_xml_parser_v2_DTD_xdbGetDTDSystemId
xdkjni : Java_oracle_xml_parser_v2_DTD_xdbGetDTDPublicId
xdkjni : Java_oracle_xml_parser_v2_DTD_xdbGetDTDNotations
xdkjni : Java_oracle_xml_parser_v2_DTD_xdbGetDTDEntities
xdkjni : Java_oracle_xml_parser_v2_XMLNotation_xdbGetSystemId
xdkjni : Java_oracle_xml_parser_v2_XMLNotation_xdbGetPublicId
xdkjni : Java_oracle_xml_parser_v2_XMLEntity_xdbGetSystemId
xdkjni : Java_oracle_xml_parser_v2_XMLEntity_xdbGetPublicId
xdkjni : Java_oracle_xml_parser_v2_XMLEntity_xdbGetNotationName
xdkjni : Java_oracle_xml_parser_v2_XMLNodeList_xdbGetLength
xdkjni : Java_oracle_xml_parser_v2_XMLNodeList_xdbGetChild
xdkjni : Java_oracle_xml_parser_v2_XMLAttrList_xdbSetAttributeNode
xdkjni : Java_oracle_xml_parser_v2_XMLAttrList_xdbRemoveAttributeNode
xdkjni : Java_oracle_xml_parser_v2_XMLAttrList_xdbGetNumAttrs
xdkjni : Java_oracle_xml_parser_v2_XMLAttrList_xdbGetNodeItemAt
xdkjni : Java_oracle_xml_parser_v2_XMLAttrList_xdbGetAttributeNode
xdkjni : Java_oracle_xml_parser_v2_XMLElement_xdbNormalize
xdkjni : Java_oracle_xml_parser_v2_XMLElement_xdbHasAttributes
xdkjni : Java_oracle_xml_parser_v2_XMLElement_xdbSetAttrValue
xdkjni : Java_oracle_xml_parser_v2_XMLElement_xdbSetAttrNode
xdkjni : Java_oracle_xml_parser_v2_XMLElement_xdbResolveNSPrefix
xdkjni : Java_oracle_xml_parser_v2_XMLElement_xdbRemoveAttrNode
xdkjni : Java_oracle_xml_parser_v2_XMLElement_xdbRemoveAttr
xdkjni : Java_oracle_xml_parser_v2_XMLElement_xdbHasAttr
xdkjni : Java_oracle_xml_parser_v2_XMLElement_xdbGetElementsByTagName
xdkjni : Java_oracle_xml_parser_v2_XMLElement_xdbGetChildrenByTagName
xdkjni : Java_oracle_xml_parser_v2_XMLElement_xdbGetAttrValue
xdkjni : Java_oracle_xml_parser_v2_XMLElement_xdbGetAttrNode
xdkjni : Java_oracle_xml_parser_v2_XMLElement_xdbGetAttributes
xdkjni : Java_oracle_xml_parser_v2_CharData_xdbSubstringData
xdkjni : Java_oracle_xml_parser_v2_CharData_xdbReplaceData
xdkjni : Java_oracle_xml_parser_v2_CharData_xdbInsertData
xdkjni : Java_oracle_xml_parser_v2_CharData_xdbDeleteData
xdkjni : Java_oracle_xml_parser_v2_CharData_xdbAppendData
xdkjni : Java_oracle_xml_parser_v2_XMLAttr_xdbIsSpecified
xdkjni : Java_oracle_xml_parser_v2_XMLAttr_xdbGetOwnerElement
xdkjni : Java_oracle_xml_parser_v2_XMLNode_xdbGetDocOrder
xdkjni : Java_oracle_xml_parser_v2_XMLNode_xdbReplaceChild
xdkjni : Java_oracle_xml_parser_v2_XMLNode_xdbRemoveChild
xdkjni : Java_oracle_xml_parser_v2_XMLNode_xdbInsertBefore
xdkjni : Java_oracle_xml_parser_v2_XMLNode_xdbHasChildNodes
xdkjni : Java_oracle_xml_parser_v2_XMLNode_xdbGetLastChild
xdkjni : Java_oracle_xml_parser_v2_XMLNode_xdbGetFirstChild
xdkjni : Java_oracle_xml_parser_v2_XMLNode_xdbGetChildNodes
xdkjni : Java_oracle_xml_parser_v2_XMLNode_xdbAppendChild
xdkjni : Java_oracle_xml_parser_v2_XMLNode_xdbGetNodeName
xdkjni : Java_oracle_xml_parser_v2_XMLNode_xdbSetNodeValue
xdkjni : Java_oracle_xml_parser_v2_XMLNode_xdbGetPreviousSibling
xdkjni : Java_oracle_xml_parser_v2_XMLNode_xdbSetPrefix
xdkjni : Java_oracle_xml_parser_v2_XMLNode_xdbGetPrefix
xdkjni : Java_oracle_xml_parser_v2_XMLNode_xdbGetParentNode
xdkjni : Java_oracle_xml_parser_v2_XMLNode_xdbGetNodeValue
xdkjni : Java_oracle_xml_parser_v2_XMLNode_xdbGetNextSibling
xdkjni : Java_oracle_xml_parser_v2_XMLNode_xdbGetNamespaceURI
xdkjni : Java_oracle_xml_parser_v2_XMLNode_xdbGetLocalName
xdkjni : Java_oracle_xml_parser_v2_XMLNode_xdbGetChildType
xdkjni : Java_oracle_xml_parser_v2_XMLNode_xdbCloseNode
xdkjni : Java_oracle_xml_parser_v2_XMLNode_xdbCloneNode
xdkjni : Java_oracle_xml_parser_v2_XMLDocument_xdbSetDocOrder
xdkjni : Java_oracle_xml_parser_v2_XMLDocument_xdbGetElementsByTag
xdkjni : Java_oracle_xml_parser_v2_XMLDocument_xdbGetElementById
xdkjni : Java_oracle_xml_parser_v2_XMLDocument_xdbGetDocumentElement
xdkjni : Java_oracle_xml_parser_v2_XMLDocument_xdbGetDocType
xdkjni : Java_oracle_xml_parser_v2_XMLDocument_xdbDestroyDocument
xdkjni : Java_oracle_xml_parser_v2_XMLDocument_xdbCreateTextNode
xdkjni : Java_oracle_xml_parser_v2_XMLDocument_xdbCreatePI
xdkjni : Java_oracle_xml_parser_v2_XMLDocument_xdbCreateEntityRef
xdkjni : Java_oracle_xml_parser_v2_XMLDocument_xdbCreateElement
xdkjni : Java_oracle_xml_parser_v2_XMLDocument_xdbCreateDocument
xdkjni : Java_oracle_xml_parser_v2_XMLDocument_xdbCreateDocumentFragment
xdkjni : Java_oracle_xml_parser_v2_XMLDocument_xdbCreateCDATANode
xdkjni : Java_oracle_xml_parser_v2_XMLDocument_xdbCreateComment
xdkjni : Java_oracle_xml_parser_v2_XMLDocument_xdbCreateAttribute
xdkjni : Java_oracle_xml_parser_v2_XMLDocument_xdbDestroyContext
xdkjni : Java_oracle_xml_parser_v2_XMLDocument_xdbCreateContext
