#
# This file contains list of function entry points for "genclntsh.sh"  script
#
# Format:
#	product : function
#

rdbms : xaoswd
rdbms : xaosw
rdbms : xaostart
rdbms : xaosdf
rdbms : xaorollback
rdbms : xaorecover
rdbms : xaoprepare
rdbms : xaoopen
rdbms : xaoopen2
rdbms : xaolog
rdbms : xaoforget
rdbms : xaoend
rdbms : xaocomplete
rdbms : xaocommit
rdbms : xaoclose
rdbms : xaoSvcCtx
rdbms : xaoEnv
rdbms : kpuActionDefault
rdbms : kpuActionEventNfy
rdbms : kpuActionStackDmp
rdbms : kpugdr
rdbms : kpuhhalo
rdbms : kpuhhfre
rdbms : kpuhhndprt
rdbms : kpupcgc_ProCGetContext
rdbms : kpupcsc_ProCSetContext
rdbms : kputxcrs
rdbms : osql3
rdbms : osetpi
rdbms : orol
rdbms : orlon
rdbms : oparse
rdbms : oopt
rdbms : oopen
rdbms : onbtst
rdbms : onbset
rdbms : onbclr
rdbms : oname
rdbms : olon
rdbms : ologon
rdbms : ologof
rdbms : olog
rdbms : ognfd
rdbms : ogetpi
rdbms : oflng
rdbms : ofetch
rdbms : ofen
rdbms : oexn
rdbms : oexfet
rdbms : oexec
rdbms : oermsg
rdbms : oerhms
rdbms : odsrbn
rdbms : odsc
rdbms : odfinn
rdbms : odessp
rdbms : odescr
rdbms : odefinps
rdbms : odefin
rdbms : ocon
rdbms : ocom
rdbms : ocof
rdbms : oclose
rdbms : ocan
rdbms : obreak
rdbms : obndrv
rdbms : obndrn
rdbms : obndra
rdbms : obindps
rdbms : obindn
rdbms : obind
rdbms : opinit

#
# OCI entries
rdbms : OCIAQDeq
rdbms : OCIAQEnq
rdbms : OCIAQEnqArray
rdbms : OCIAQDeqArray
rdbms : OCIAQListen
rdbms : OCIAnyDataAccess
rdbms : OCIAnyDataAttrGet
rdbms : OCIAnyDataAttrSet
rdbms : OCIAnyDataBeginCreate
rdbms : OCIAnyDataCollAddElem
rdbms : OCIAnyDataCollGetElem
rdbms : OCIAnyDataConvert
rdbms : OCIAnyDataDestroy
rdbms : OCIAnyDataEndCreate
rdbms : OCIAnyDataGetCurrAttrNum
rdbms : OCIAnyDataGetType
rdbms : OCIAnyDataIsNull
rdbms : OCIAnyDataSetAddInstance
rdbms : OCIAnyDataSetBeginCreate
rdbms : OCIAnyDataSetDestroy
rdbms : OCIAnyDataSetEndCreate
rdbms : OCIAnyDataSetGetCount
rdbms : OCIAnyDataSetGetInstance
rdbms : OCIAnyDataSetGetType
rdbms : OCIAppCtxClearAll
rdbms : OCIAppCtxSet
rdbms : OCIAttrGet
rdbms : OCIAttrSet
rdbms : OCIBindArrayOfStruct
rdbms : OCIBindByName
rdbms : OCIBindByPos
rdbms : OCIBindDynamic
rdbms : OCIBindObject
rdbms : OCIBreak
rdbms : OCICacheFlush
rdbms : OCICacheFlushRefresh
rdbms : OCICacheFree
rdbms : OCICacheGetObjects
rdbms : OCICacheRefresh
rdbms : OCICacheRegister
rdbms : OCICacheUnmark
rdbms : OCICacheUnpin
rdbms : OCICharSetConversionIsReplacementUsed
rdbms : OCICharSetToUnicode
rdbms : OCIClientVersion
rdbms : OCICollAppend
rdbms : OCICollAssign
rdbms : OCICollAssignElem
rdbms : OCICollGetElem
rdbms : OCICollGetElemArray
rdbms : OCICollIsLocator
rdbms : OCICollMax
rdbms : OCICollSize
rdbms : OCICollTrim
rdbms : OCIConnectionPoolCreate
rdbms : OCIConnectionPoolDestroy
rdbms : OCIContextClearValue
rdbms : OCIContextGenerateKey
rdbms : OCIContextGetValue
rdbms : OCIContextSetValue
rdbms : OCIDBShutdown
rdbms : OCIDBStartup
rdbms : OCIDateAddDays
rdbms : OCIDateAddMonths
rdbms : OCIDateAssign
rdbms : OCIDateCheck
rdbms : OCIDateCompare
rdbms : OCIDateDaysBetween
rdbms : OCIDateFromText
rdbms : OCIDateLastDay
rdbms : OCIDateNextDay
rdbms : OCIDateSysDate
rdbms : OCIDateTimeAssign
rdbms : OCIDateTimeCheck
rdbms : OCIDateTimeCompare
rdbms : OCIDateTimeConstruct
rdbms : OCIDateTimeConvert
rdbms : OCIDateTimeFromArray
rdbms : OCIDateTimeFromText
rdbms : OCIDateTimeGetDate
rdbms : OCIDateTimeGetTime
rdbms : OCIDateTimeGetTimeZoneName
rdbms : OCIDateTimeGetTimeZoneOffset
rdbms : OCIDateTimeIntervalAdd
rdbms : OCIDateTimeIntervalSub
rdbms : OCIDateTimeSubtract
rdbms : OCIDateTimeSysTimeStamp
rdbms : OCIDateTimeToArray
rdbms : OCIDateTimeToText
rdbms : OCIDateToText
rdbms : OCIDateZoneToZone
rdbms : OCIDefineArrayOfStruct
rdbms : OCIDefineByPos
rdbms : OCIDefineDynamic
rdbms : OCIDefineObject
rdbms : OCIDescribeAny
rdbms : OCIDescriptorAlloc
rdbms : OCIDescriptorFree
rdbms : OCIArrayDescriptorAlloc
rdbms : OCIArrayDescriptorFree
rdbms : OCIDirPathAbort
rdbms : OCIDirPathColArrayEntryGet
rdbms : OCIDirPathColArrayEntrySet
rdbms : OCIDirPathColArrayReset
rdbms : OCIDirPathColArrayRowGet
rdbms : OCIDirPathColArrayToStream
rdbms : OCIDirPathDataSave
rdbms : OCIDirPathFinish
rdbms : OCIDirPathFlushRow
rdbms : OCIDirPathLoadStream
rdbms : OCIDirPathPrepare
rdbms : OCIDirPathStreamReset
rdbms : OCIDurationBegin
rdbms : OCIDurationEnd
rdbms : OCIDurationGetParent
rdbms : OCIEnvCreate
rdbms : OCIEnvInit
rdbms : OCIEnvNlsCreate
rdbms : OCIErrorGet
rdbms : OCIExtractFromFile
rdbms : OCIExtractFromList
rdbms : OCIExtractFromStr
rdbms : OCIExtractInit
rdbms : OCIExtractReset
rdbms : OCIExtractSetKey
rdbms : OCIExtractSetNumKeys
rdbms : OCIExtractTerm
rdbms : OCIExtractToBool
rdbms : OCIExtractToInt
rdbms : OCIExtractToList
rdbms : OCIExtractToOCINum
rdbms : OCIExtractToStr
rdbms : OCIFEnvCreate
rdbms : OCIFileClose
rdbms : OCIFileExists
rdbms : OCIFileFlush
rdbms : OCIFileGetLength
rdbms : OCIFileInit
rdbms : OCIFileOpen
rdbms : OCIFileRead
rdbms : OCIFileSeek
rdbms : OCIFileTerm
rdbms : OCIFileWrite
rdbms : OCIFormatInit
rdbms : OCIFormatString
rdbms : OCIFormatTChar
rdbms : OCIFormatTDouble
rdbms : OCIFormatTDvoid
rdbms : OCIFormatTEb1
rdbms : OCIFormatTEb2
rdbms : OCIFormatTEb4
rdbms : OCIFormatTEnd
rdbms : OCIFormatTEword
rdbms : OCIFormatTSb1
rdbms : OCIFormatTSb2
rdbms : OCIFormatTSb4
rdbms : OCIFormatTSbig_ora
rdbms : OCIFormatTSword
rdbms : OCIFormatTText
rdbms : OCIFormatTUb1
rdbms : OCIFormatTUb2
rdbms : OCIFormatTUb4
rdbms : OCIFormatTUbig_ora
rdbms : OCIFormatTUword
rdbms : OCIFormatTerm
rdbms : OCIHandleAlloc
rdbms : OCIHandleFree
rdbms : OCIInitialize
rdbms : OCIInitEventHandle
rdbms : OCIIntervalAdd
rdbms : OCIIntervalAssign
rdbms : OCIIntervalCheck
rdbms : OCIIntervalCompare
rdbms : OCIIntervalDivide
rdbms : OCIIntervalFromNumber
rdbms : OCIIntervalFromTZ
rdbms : OCIIntervalFromText
rdbms : OCIIntervalGetDaySecond
rdbms : OCIIntervalGetYearMonth
rdbms : OCIIntervalMultiply
rdbms : OCIIntervalSetDaySecond
rdbms : OCIIntervalSetYearMonth
rdbms : OCIIntervalSubtract
rdbms : OCIIntervalToNumber
rdbms : OCIIntervalToText
rdbms : OCIIterCreate
rdbms : OCIIterDelete
rdbms : OCIIterGetCurrent
rdbms : OCIIterInit
rdbms : OCIIterNext
rdbms : OCIIterPrev
rdbms : OCIKerbAttrSet
rdbms : OCILdaToSvcCtx
rdbms : OCILobAppend
rdbms : OCILobAssign
rdbms : OCILobCharSetForm
rdbms : OCILobCharSetId
rdbms : OCILobClose
rdbms : OCILobCopy
rdbms : OCILobCopy2
rdbms : OCILobCreateTemporary
rdbms : OCILobDisableBuffering
rdbms : OCILobEnableBuffering
rdbms : OCILobErase
rdbms : OCILobErase2
rdbms : OCILobFileClose
rdbms : OCILobFileCloseAll
rdbms : OCILobFileExists
rdbms : OCILobFileGetName
rdbms : OCILobFileIsOpen
rdbms : OCILobFileOpen
rdbms : OCILobFileSetName
rdbms : OCILobFlushBuffer
rdbms : OCILobFreeTemporary
rdbms : OCILobGetChunkSize
rdbms : OCILobGetLength
rdbms : OCILobGetLength2
rdbms : OCILobGetOptions
rdbms : OCILobGetDeduplicateRegions
rdbms : OCILobGetStorageLimit
rdbms : OCILobIsEqual
rdbms : OCILobIsOpen
rdbms : OCILobIsTemporary
rdbms : OCILobLoadFromFile
rdbms : OCILobLoadFromFile2
rdbms : OCILobLocatorAssign
rdbms : OCILobLocatorIsInit
rdbms : OCILobOpen
rdbms : OCILobRead
rdbms : OCILobRead2
rdbms : OCILobArrayRead
rdbms : OCILobSetOptions
rdbms : OCILobTrim
rdbms : OCILobTrim2
rdbms : OCILobWrite
rdbms : OCILobWrite2
rdbms : OCILobArrayWrite
rdbms : OCILobWriteAppend
rdbms : OCILobWriteAppend2
rdbms : OCILogoff
rdbms : OCILogon
rdbms : OCILogon2
rdbms : OCIMemStats
rdbms : OCIMemoryAlloc
rdbms : OCIMemoryFree
rdbms : OCIMemoryResize
rdbms : OCIMemorySetCurrentIDs
rdbms : OCIMessageClose
rdbms : OCIMessageGet
rdbms : OCIMessageOpen
rdbms : OCIMultiByteInSizeToWideChar
rdbms : OCIMultiByteStrCaseConversion
rdbms : OCIMultiByteStrcat
rdbms : OCIMultiByteStrcmp
rdbms : OCIMultiByteStrcpy
rdbms : OCIMultiByteStrlen
rdbms : OCIMultiByteStrnDisplayLength
rdbms : OCIMultiByteStrncat
rdbms : OCIMultiByteStrncmp
rdbms : OCIMultiByteStrncpy
rdbms : OCIMultiByteToWideChar
rdbms : OCINlsCharSetConvert
rdbms : OCINlsEnvironmentVariableGet
rdbms : OCINlsGetInfo
rdbms : OCINlsNumericInfoGet
rdbms : OCINlsCharSetNameToId
rdbms : OCINlsCharSetIdToName
rdbms : OCINlsNameMap
rdbms : OCINumberAbs
rdbms : OCINumberAdd
rdbms : OCINumberArcCos
rdbms : OCINumberArcSin
rdbms : OCINumberArcTan
rdbms : OCINumberArcTan2
rdbms : OCINumberAssign
rdbms : OCINumberCeil
rdbms : OCINumberCmp
rdbms : OCINumberCos
rdbms : OCINumberDec
rdbms : OCINumberDiv
rdbms : OCINumberExp
rdbms : OCINumberFloor
rdbms : OCINumberFromInt
rdbms : OCINumberFromReal
rdbms : OCINumberFromText
rdbms : OCINumberHypCos
rdbms : OCINumberHypSin
rdbms : OCINumberHypTan
rdbms : OCINumberInc
rdbms : OCINumberIntPower
rdbms : OCINumberIsInt
rdbms : OCINumberIsZero
rdbms : OCINumberLn
rdbms : OCINumberLog
rdbms : OCINumberMod
rdbms : OCINumberMul
rdbms : OCINumberNeg
rdbms : OCINumberPower
rdbms : OCINumberPrec
rdbms : OCINumberRound
rdbms : OCINumberSetPi
rdbms : OCINumberSetZero
rdbms : OCINumberShift
rdbms : OCINumberSign
rdbms : OCINumberSin
rdbms : OCINumberSqrt
rdbms : OCINumberSub
rdbms : OCINumberTan
rdbms : OCINumberToInt
rdbms : OCINumberToReal
rdbms : OCINumberToRealArray
rdbms : OCINumberToText
rdbms : OCINumberTrunc
rdbms : OCIObjectAlwaysLatest
rdbms : OCIObjectArrayPin
rdbms : OCIObjectCopy
rdbms : OCIObjectExists
rdbms : OCIObjectFlush
rdbms : OCIObjectFlushRefresh
rdbms : OCIObjectFree
rdbms : OCIObjectGetAttr
rdbms : OCIObjectGetInd
rdbms : OCIObjectGetNewOID
rdbms : OCIObjectGetObjectRef
rdbms : OCIObjectGetPrimaryKeyTypeRef
rdbms : OCIObjectGetProperty
rdbms : OCIObjectGetTypeRef
rdbms : OCIObjectIsDirtied
rdbms : OCIObjectIsDirty
rdbms : OCIObjectIsLoaded
rdbms : OCIObjectIsLocked
rdbms : OCIObjectLock
rdbms : OCIObjectLockNoWait
rdbms : OCIObjectMakeObjectRef
rdbms : OCIObjectMarkDelete
rdbms : OCIObjectMarkDeleteByRef
rdbms : OCIObjectMarkUpdate
rdbms : OCIObjectNew
rdbms : OCIObjectNotAlwaysLatest
rdbms : OCIObjectPin
rdbms : OCIObjectPinCountReset
rdbms : OCIObjectPinTable
rdbms : OCIObjectRefresh
rdbms : OCIObjectSetAttr
rdbms : OCIObjectSetData
rdbms : OCIObjectUnmark
rdbms : OCIObjectUnmarkByRef
rdbms : OCIObjectUnpin
rdbms : OCIOpaqueCtxGetCtx
rdbms : OCIOpaqueCtxGetHandles
rdbms : OCIOpaqueCtxGetServiceCtx
rdbms : OCIOpaqueCtxPickleSize
rdbms : OCIOpaqueCtxSetCtx
rdbms : OCIOpaqueCtxSetError
rdbms : OCIOpaqueCtxStringImageSize
rdbms : OCIOpaqueDataGetLength
rdbms : OCIOpaqueDataPickle
rdbms : OCIOpaqueDataRead
rdbms : OCIOpaqueDataSetLength
rdbms : OCIOpaqueDataStringMaxSize
rdbms : OCIOpaqueDataUnpickle
rdbms : OCIOpaqueDataWrite
rdbms : OCIPAnyDataAttrCountSet
rdbms : OCIPAnyDataSetInd
rdbms : OCIPAnyDataSetNull
rdbms : OCIPAnyDataSetUCIOptMode
rdbms : OCIPChangeUser
rdbms : OCIPClearMxCtr
rdbms : OCIPCacheRollbackTx
rdbms : OCIPCompPrefRows
rdbms : OCIPConvertDateToDateTime
rdbms : OCIPConvertRowidToUb1
rdbms : OCIPConvertUb1ToRowid
rdbms : OCIPDefineConvert
rdbms : OCIPDefConvOCCI
rdbms : OCIPGetLibClientVersionBanner
rdbms : OCIPGetLibClientVersionString
rdbms : OCIPGetLibClientVersionStringLimit
rdbms : OCIPGetBindAttr
rdbms : OCIPGetCurrentCacheSize
rdbms : OCIPGetDateContext
rdbms : OCIPGetDefineAttr
rdbms : OCIPGetDefTZ
rdbms : OCIPGetEnv
rdbms : OCIPGetErrorMessage
rdbms : OCIPGetErrorMessageNLS
rdbms : OCIPGetInternalRowid
rdbms : OCIPGetLdiDateTimeFromKpd
rdbms : OCIPGetLdiInternalFormat
rdbms : OCIPGetLdiIntervalFromKpd
rdbms : OCIPGetNLSLang
rdbms : OCIPGetNLSNChar
rdbms : OCIPGetObjectPtr
rdbms : OCIPGetRidCharLen
rdbms : OCIPGetRowid
rdbms : OCIPHeapAlloc
rdbms : OCIPHeapAllocUc
rdbms : OCIPHeapFree
rdbms : OCIPIsNonFinalType
rdbms : OCIPIsObjectLoaded
rdbms : OCIPObjectLDSSize
rdbms : OCIPObjectLDSInit
rdbms : OCIPMaxRowidLength
rdbms : OCIPServerPost
rdbms : OCIParamGet
rdbms : OCIParamSet
rdbms : OCIPasswordChange
rdbms : OCIPicklerFdoFree
rdbms : OCIPicklerFdoInit
rdbms : OCIPicklerImageAddNullScalar
rdbms : OCIPicklerImageAddScalar
rdbms : OCIPicklerImageCollAddScalar
rdbms : OCIPicklerImageCollBegin
rdbms : OCIPicklerImageCollBeginScan
rdbms : OCIPicklerImageCollEnd
rdbms : OCIPicklerImageCollGetScalar
rdbms : OCIPicklerImageCollGetScalarSize
rdbms : OCIPicklerImageFree
rdbms : OCIPicklerImageGenerate
rdbms : OCIPicklerImageGetScalar
rdbms : OCIPicklerImageGetScalarSize
rdbms : OCIPicklerImageInit
rdbms : OCIPicklerTdsAddAttr
rdbms : OCIPicklerTdsCreateElement
rdbms : OCIPicklerTdsCreateElementChar
rdbms : OCIPicklerTdsCreateElementNumber
rdbms : OCIPicklerTdsCreateElementRaw
rdbms : OCIPicklerTdsCreateElementVarchar
rdbms : OCIPicklerTdsCtxFree
rdbms : OCIPicklerTdsCtxInit
rdbms : OCIPicklerTdsFree
rdbms : OCIPicklerTdsGenerate
rdbms : OCIPicklerTdsGetAttr
rdbms : OCIPicklerTdsInit
rdbms : OCIPAcquireMutex
rdbms : OCIPReleaseMutex
rdbms : OCIPIsStmtSelectForUpdate
rdbms : OCIRawAllocSize
rdbms : OCIRawAssignBytes
rdbms : OCIRawAssignRaw
rdbms : OCIRawPtr
rdbms : OCIRawResize
rdbms : OCIRawSize
rdbms : OCIRefAssign
rdbms : OCIRefClear
rdbms : OCIRefFromHex
rdbms : OCIRefHexSize
rdbms : OCIRefIsEqual
rdbms : OCIRefIsNull
rdbms : OCIRefToHex
rdbms : OCIReset
rdbms : OCIResultSetToStmt
rdbms : OCIRowTypeAddBuiltin
rdbms : OCIRowTypeAddUserType
rdbms : OCIRowTypeCreate
rdbms : OCIRowTypeEndCreate
rdbms : OCIRowTypeFree
rdbms : OCIRowTypeGetBuiltin
rdbms : OCIRowTypeGetCount
rdbms : OCIRowTypeGetTypeCode
rdbms : OCIRowTypeGetUserType
rdbms : OCIRowidToChar
rdbms : OCISecurityAbortIdentity
rdbms : OCISecurityClosePersona
rdbms : OCISecurityCloseWallet
rdbms : OCISecurityCreateIdentity
rdbms : OCISecurityCreatePersona
rdbms : OCISecurityCreateWallet
rdbms : OCISecurityDeEnvelope
rdbms : OCISecurityDecrypt
rdbms : OCISecurityDestroyWallet
rdbms : OCISecurityEncrypt
rdbms : OCISecurityEncryptExpansion
rdbms : OCISecurityEnvelope
rdbms : OCISecurityFreeIdentity
rdbms : OCISecurityGetIdentity
rdbms : OCISecurityGetProtection
rdbms : OCISecurityHash
rdbms : OCISecurityHashExpansion
rdbms : OCISecurityInitBlock
rdbms : OCISecurityInitialize
rdbms : OCISecurityKeyedHash
rdbms : OCISecurityKeyedHashExpansion
rdbms : OCISecurityOpenPersona
rdbms : OCISecurityOpenWallet
rdbms : OCISecurityPKDecrypt
rdbms : OCISecurityPKEncryptExpansion
rdbms : OCISecurityPurgeBlock
rdbms : OCISecurityRandomBytes
rdbms : OCISecurityRandomNumber
rdbms : OCISecurityRemoveIdentity
rdbms : OCISecurityRemovePersona
rdbms : OCISecurityReuseBlock
rdbms : OCISecuritySeedRandom
rdbms : OCISecuritySetBlock
rdbms : OCISecuritySetProtection
rdbms : OCISecuritySign
rdbms : OCISecuritySignDetExpansion
rdbms : OCISecuritySignDetached
rdbms : OCISecuritySignExpansion
rdbms : OCISecurityStorePersona
rdbms : OCISecurityStoreTrustedIdentity
rdbms : OCISecurityTerminate
rdbms : OCISecurityValidate
rdbms : OCISecurityVerify
rdbms : OCISecurityVerifyDetached
rdbms : OCISecurity_PKEncrypt
rdbms : OCIServerAttach
rdbms : OCIServerDetach
rdbms : OCIServerRelease
rdbms : OCIServerVersion
rdbms : OCISessionBegin
rdbms : OCISessionEnd
rdbms : OCISessionGet
rdbms : OCISessionPoolCreate
rdbms : OCISessionPoolDestroy
rdbms : OCISessionRelease
rdbms : OCISharedLibInit
rdbms : OCIStmtExecute
rdbms : OCIStmtFetch
rdbms : OCIStmtFetch2
rdbms : OCIStmtGetBindInfo
rdbms : OCIStmtGetPieceInfo
rdbms : OCIStmtPrepare
rdbms : OCIStmtPrepare2
rdbms : OCIStmtRelease
rdbms : OCIStmtSetPieceInfo
rdbms : OCIStringAllocSize
rdbms : OCIStringAssign
rdbms : OCIStringAssignText
rdbms : OCIStringPtr
rdbms : OCIStringResize
rdbms : OCIStringSize
rdbms : OCISubscriptionDisable
rdbms : OCISubscriptionEnable
rdbms : OCISubscriptionPost
rdbms : OCISubscriptionRegister
rdbms : OCISubscriptionUnRegister
rdbms : OCISvcCtxToLda
rdbms : OCITableDelete
rdbms : OCITableExists
rdbms : OCITableFirst
rdbms : OCITableLast
rdbms : OCITableNext
rdbms : OCITablePrev
rdbms : OCITableSize
rdbms : OCITerminate
rdbms : OCIThreadClose
rdbms : OCIThreadCreate
rdbms : OCIThreadHandleGet
rdbms : OCIThreadHndDestroy
rdbms : OCIThreadHndInit
rdbms : OCIThreadIdDestroy
rdbms : OCIThreadIdGet
rdbms : OCIThreadIdInit
rdbms : OCIThreadIdNull
rdbms : OCIThreadIdSame
rdbms : OCIThreadIdSet
rdbms : OCIThreadIdSetNull
rdbms : OCIThreadInit
rdbms : OCIThreadIsMulti
rdbms : OCIThreadJoin
rdbms : OCIThreadKeyDestroy
rdbms : OCIThreadKeyGet
rdbms : OCIThreadKeyInit
rdbms : OCIThreadKeySet
rdbms : OCIThreadMutexAcquire
rdbms : OCIThreadMutexDestroy
rdbms : OCIThreadMutexInit
rdbms : OCIThreadMutexRelease
rdbms : OCIThreadProcessInit
rdbms : OCIThreadTerm
rdbms : OCITransCommit
rdbms : OCITransDetach
rdbms : OCITransForget
rdbms : OCITransMultiPrepare
rdbms : OCITransPrepare
rdbms : OCITransRollback
rdbms : OCITransStart
rdbms : OCITypeAddAttr
rdbms : OCITypeArrayByName
rdbms : OCITypeArrayByRef
rdbms : OCITypeAttrByName
rdbms : OCITypeAttrNext
rdbms : OCITypeAttrs
rdbms : OCITypeBeginCreate
rdbms : OCITypeByName
rdbms : OCITypeByRef
rdbms : OCITypeCollElem
rdbms : OCITypeCollExtTypeCode
rdbms : OCITypeCollSize
rdbms : OCITypeCollTypeCode
rdbms : OCITypeElemCharSetForm
rdbms : OCITypeElemCharSetID
rdbms : OCITypeElemDefaultValue
rdbms : OCITypeElemExtTypeCode
rdbms : OCITypeElemFlags
rdbms : OCITypeElemLength
rdbms : OCITypeElemName
rdbms : OCITypeElemNumPrec
rdbms : OCITypeElemNumScale
rdbms : OCITypeElemParamMode
rdbms : OCITypeElemParameterizedType
rdbms : OCITypeElemType
rdbms : OCITypeElemTypeCode
rdbms : OCITypeEndCreate
rdbms : OCITypeIterFree
rdbms : OCITypeIterNew
rdbms : OCITypeIterSet
rdbms : OCITypeMethodByName
rdbms : OCITypeMethodEncap
rdbms : OCITypeMethodFlags
rdbms : OCITypeMethodMap
rdbms : OCITypeMethodName
rdbms : OCITypeMethodNext
rdbms : OCITypeMethodOrder
rdbms : OCITypeMethodOverload
rdbms : OCITypeMethodParams
rdbms : OCITypeMethods
rdbms : OCITypeName
rdbms : OCITypeParamByName
rdbms : OCITypeParamByPos
rdbms : OCITypeParamPos
rdbms : OCITypeResult
rdbms : OCITypeSchema
rdbms : OCITypeSetBuiltin
rdbms : OCITypeSetCollection
rdbms : OCITypeTypeCode
rdbms : OCITypeVTInit
rdbms : OCITypeVTInsert
rdbms : OCITypeVTSelect
rdbms : OCITypeVersion
rdbms : OCIUnicodeToCharSet
rdbms : OCIUserCallbackGet
rdbms : OCIUserCallbackRegister
rdbms : OCIWideCharDisplayLength
rdbms : OCIWideCharInSizeToMultiByte
rdbms : OCIWideCharIsAlnum
rdbms : OCIWideCharIsAlpha
rdbms : OCIWideCharIsCntrl
rdbms : OCIWideCharIsDigit
rdbms : OCIWideCharIsGraph
rdbms : OCIWideCharIsLower
rdbms : OCIWideCharIsPrint
rdbms : OCIWideCharIsPunct
rdbms : OCIWideCharIsSingleByte
rdbms : OCIWideCharIsSpace
rdbms : OCIWideCharIsUpper
rdbms : OCIWideCharIsXdigit
rdbms : OCIWideCharMultiByteLength
rdbms : OCIWideCharStrCaseConversion
rdbms : OCIWideCharStrcat
rdbms : OCIWideCharStrchr
rdbms : OCIWideCharStrcmp
rdbms : OCIWideCharStrcpy
rdbms : OCIWideCharStrlen
rdbms : OCIWideCharStrncat
rdbms : OCIWideCharStrncmp
rdbms : OCIWideCharStrncpy
rdbms : OCIWideCharStrrchr
rdbms : OCIWideCharToLower
rdbms : OCIWideCharToMultiByte
rdbms : OCIWideCharToUpper
rdbms : OCIXADFieldSet
rdbms : OCIXADTableSetRowValues
rdbms : skplfGetOCIErrcode
rdbms : OCIPAnyDataSetFlag
rdbms : OCIPOGGRedoLogOpen
rdbms : OCIPOGGRedoLogRead
rdbms : OCIPOGGRedoLogClose
rdbms : OCIPOGGCaptureAttach
rdbms : OCIPOGGCaptureLCRReceive
rdbms : OCIPOGGCaptureDetach
rdbms : OCIPIsDescRebuilt
rdbms : ocitrcEnvCallbackRegister
rdbms : ocitrcEnvCallbackDeRegister

#
# OCI JNI stuff for JMS
#

rdbms : Java_oracle_jms_AQjmsSession_ociinit
rdbms : Java_oracle_jms_AQjmsProducer_ocienq
rdbms : Java_oracle_jms_AQjmsConsumer_ocideq
rdbms : Java_oracle_jms_AQjmsSession_ocifrctx
rdbms : Java_oracle_jms_AQjmsSession_ocibreak

#
# JNI stuff for XML
#

rdbms : Java_oracle_AQ_xml_AQxmlSessionContext_aqxmlinit
rdbms : Java_oracle_AQ_xml_AQxmlSessionMgr_startGlobalTxn
rdbms : Java_oracle_AQ_xml_AQxmlSessionMgr_attachGlobalTxn
rdbms : Java_oracle_AQ_xml_AQxmlSessionMgr_detachGlobalTxn
rdbms : Java_oracle_AQ_xml_AQxmlSessionMgr_destroyGlobalTxn
rdbms : Java_oracle_AQ_xml_AQxmlSessionMgr_globalTxnCommit
rdbms : Java_oracle_AQ_xml_AQxmlSessionMgr_globalTxnRollback

#
# These symbols are here to keep the execs that were linked with the old shared
# library happy, need to remove them sometime later.
#

#rdbms : lcdudr

#
# Symbols added to support SQLPLUS
#

# From UPI:

rdbms : upiarc
rdbms : upicpr
rdbms : upidbg
rdbms : upista8
rdbms : upisto
rdbms : upiuph

#
# Symbols added to supprt HAS from UPI
#
rdbms : upial7
rdbms : upiall
rdbms : upidqr
rdbms : upirdd

# From libcommon

rdbms : sldext
rdbms : slfnp
rdbms : slspool
rdbms : slsprom
rdbms : slfDirOpen
rdbms : slfDirRead
rdbms : slfDirClose

# From libgeneric

rdbms : kxdvers_ossiorm_curversion
rdbms : kgpinit
rdbms : kgpprint
rdbms : kgpterm
rdbms : kpeDbgFindADRBase

rdbms : kgzf_cbinit
rdbms : kgzf_ini
rdbms : kgzf_ini_begin
rdbms : kgzf_ini_end
rdbms : kgzf_fini
rdbms : kgzf_gen_reid
rdbms : kgzf_gen_node_reid
rdbms : kgzf_gen_group_reid
rdbms : kgzf_gen_member_reid
rdbms : kgzf_gen_proc_reid
rdbms : kgzf_cluster_restart
rdbms : kgzf_fence_entity
rdbms : kgzf_wait
rdbms : kgzf_get_status
rdbms : kgzf_release_handle
rdbms : kgz_format_rac_entity_id
rdbms : kgz_reid_copy
rdbms : kgz_reid_equal

rdbms : slgsds

# From libsql

rdbms : sqlghp

# NLSRTL

rdbms : lxmdssln
rdbms : lxsCntDisp
rdbms : lxsCnvCase
rdbms : lxoCpChar
rdbms : lxoPadStr

# From CORE

rdbms : lcmcps
rdbms : lcmrtb
rdbms : lcscpn
rdbms : lctbnam
rdbms : ldxmdsz
rdbms : lemchk
rdbms : lnxnfn
rdbms : lsfmai
rdbms : slcswap
#rdbms : lmxsrt
rdbms : lnxgfs
rdbms : lfidlb
rdbms : lfiren
rdbms : lficrt
rdbms : lfieno
rdbms : lsttokr
rdbms : lfifcp
rdbms : sltspsdestroy
rdbms : lstap
rdbms : ldxsdc
rdbms : lemgep
rdbms : slemdsp
rdbms : lembem

# OCIXMLType API

rdbms : OCIXMLTypeNew
rdbms : OCIXMLTypeCreateFromSrc
rdbms : OCIXMLTypeExtract
rdbms : OCIXMLTypeTransform
rdbms : OCIXMLTypeExists
rdbms : OCIXMLTypeIsSchemaBased
rdbms : OCIXMLTypeGetSchema
rdbms : OCIXMLTypeValidate

# OCIDOMDocument API

rdbms : OCIXMLTypeGetDOM
rdbms : OCIXMLTypeGetFromDOM
rdbms : OCIDOMFree

#OCIXmlDb API

rdbms : OCIXmlDbInitXmlCtx
rdbms : OCIXmlDbFreeXmlCtx

# JNI stuff for XDB DOM/JDBC

rdbms : Java_oracle_xdb_RealInputStream_closeNative
rdbms : Java_oracle_xdb_RealInputStream_readNative
rdbms : Java_oracle_xdb_XMLType_WriteToSegStreamNative
rdbms : Java_oracle_xdb_XMLType_allocHeapNative
rdbms : Java_oracle_xdb_XMLType_closeNative
rdbms : Java_oracle_xdb_XMLType_createXMLTypeFromLobNative
rdbms : Java_oracle_xdb_XMLType_createXMLTypeFromStreamNative
rdbms : Java_oracle_xdb_XMLType_createXMLTypeFromStringNative
rdbms : Java_oracle_xdb_XMLType_existsNodeNative
rdbms : Java_oracle_xdb_XMLType_extractNative
rdbms : Java_oracle_xdb_XMLType_getBinaryBytes
rdbms : Java_oracle_xdb_XMLType_getInputStreamNative
rdbms : Java_oracle_xdb_XMLType_getNamespaceNative
rdbms : Java_oracle_xdb_XMLType_getRootElementNative
rdbms : Java_oracle_xdb_XMLType_getSchemaURLNative
rdbms : Java_oracle_xdb_XMLType_getXMLTypeFromXobd
rdbms : Java_oracle_xdb_XMLType_getXMLTypeFromXob
rdbms : Java_oracle_xdb_XMLType_getXMLTypeNative
rdbms : Java_oracle_xdb_XMLType_getXobdFromXMLType
rdbms : Java_oracle_xdb_XMLType_isFragmentNative
rdbms : Java_oracle_xdb_XMLType_isSchemaBasedNative
rdbms : Java_oracle_xdb_XMLType_isSchemaValidNative
rdbms : Java_oracle_xdb_XMLType_isSchemaValidatedNative
rdbms : Java_oracle_xdb_XMLType_pickleXMLTypeNative
rdbms : Java_oracle_xdb_XMLType_printToLobNative
rdbms : Java_oracle_xdb_XMLType_schemaValidateNative
rdbms : Java_oracle_xdb_XMLType_setBinaryXMLNative
rdbms : Java_oracle_xdb_XMLType_setSchemaValidatedNative
rdbms : Java_oracle_xdb_XMLType_transformNative
rdbms : Java_oracle_xdb_dom_XDBAttribute_getOwnerElem
rdbms : Java_oracle_xdb_dom_XDBAttribute_isSpecifiedNative
rdbms : Java_oracle_xdb_dom_XDBBinaryDocument_createStreamNative
rdbms : Java_oracle_xdb_dom_XDBBinaryDocument_getStreamNative
rdbms : Java_oracle_xdb_dom_XDBBinaryDocument_writeToStreamNative
rdbms : Java_oracle_xdb_dom_XDBDocumentType_getEntitiesNative
rdbms : Java_oracle_xdb_dom_XDBDocumentType_getNameNative
rdbms : Java_oracle_xdb_dom_XDBDocumentType_getNotationsNative
rdbms : Java_oracle_xdb_dom_XDBDocumentType_getPublicIdNative
rdbms : Java_oracle_xdb_dom_XDBDocumentType_getSystemIdNative
rdbms : Java_oracle_xdb_dom_XDBDocument_createAttributeNative
rdbms : Java_oracle_xdb_dom_XDBDocument_createCommentNodeNative
rdbms : Java_oracle_xdb_dom_XDBDocument_createDocumentFragmentNative
rdbms : Java_oracle_xdb_dom_XDBDocument_createElementNative
rdbms : Java_oracle_xdb_dom_XDBDocument_createEntityRefNative
rdbms : Java_oracle_xdb_dom_XDBDocument_createFromBytesNative
rdbms : Java_oracle_xdb_dom_XDBDocument_createFromStringNative
rdbms : Java_oracle_xdb_dom_XDBDocument_createNative
rdbms : Java_oracle_xdb_dom_XDBDocument_createPINodeNative
rdbms : Java_oracle_xdb_dom_XDBDocument_createTextNodeNative
rdbms : Java_oracle_xdb_dom_XDBDocument_destroyNative
rdbms : Java_oracle_xdb_dom_XDBDocument_getChildrenByTagNameNSNative
rdbms : Java_oracle_xdb_dom_XDBDocument_getDocTypeNative
rdbms : Java_oracle_xdb_dom_XDBDocument_getDocumentElementNative
rdbms : Java_oracle_xdb_dom_XDBDocument_getElementsByTagNative
rdbms : Java_oracle_xdb_dom_XDBDocument_getEnvNative
rdbms : Java_oracle_xdb_dom_XDBDocument_importNodeNative
rdbms : Java_oracle_xdb_dom_XDBDocument_removeDocumentElementNative
rdbms : Java_oracle_xdb_dom_XDBDocument_replDocumentElementNative
rdbms : Java_oracle_xdb_dom_XDBDocument_setDocumentElementNative
rdbms : Java_oracle_xdb_dom_XDBDomImplementation_createDocTypeNative
rdbms : Java_oracle_xdb_dom_XDBDomImplementation_createDocumentNative
rdbms : Java_oracle_xdb_dom_XDBElement_getAttrNodeNative
rdbms : Java_oracle_xdb_dom_XDBElement_getAttrValueNative
rdbms : Java_oracle_xdb_dom_XDBElement_getChildrenByTagNameNSNative
rdbms : Java_oracle_xdb_dom_XDBElement_getElementsNative
rdbms : Java_oracle_xdb_dom_XDBElement_hasAttrNative
rdbms : Java_oracle_xdb_dom_XDBElement_removeAttrNative
rdbms : Java_oracle_xdb_dom_XDBElement_removeAttrNodeNative
rdbms : Java_oracle_xdb_dom_XDBElement_resolveNSPrefixNative
rdbms : Java_oracle_xdb_dom_XDBElement_setAttrNodeNative
rdbms : Java_oracle_xdb_dom_XDBElement_setAttrValueNative
rdbms : Java_oracle_xdb_dom_XDBEntity_getNotationNameNative
rdbms : Java_oracle_xdb_dom_XDBEntity_getNotationNameNative
rdbms : Java_oracle_xdb_dom_XDBEntity_getPublicIdNative
rdbms : Java_oracle_xdb_dom_XDBEntity_getSystemIdNative
rdbms : Java_oracle_xdb_dom_XDBNamedNodeMap_getNodeItemAtNative
rdbms : Java_oracle_xdb_dom_XDBNamedNodeMap_getNodeNative
rdbms : Java_oracle_xdb_dom_XDBNamedNodeMap_getNumNodesNative
rdbms : Java_oracle_xdb_dom_XDBNamedNodeMap_removeNodeNative
rdbms : Java_oracle_xdb_dom_XDBNamedNodeMap_setNodeNative
rdbms : Java_oracle_xdb_dom_XDBNodeList_getChildTypeNative
rdbms : Java_oracle_xdb_dom_XDBNodeList_getListChildNative
rdbms : Java_oracle_xdb_dom_XDBNodeList_getNumListNative
rdbms : Java_oracle_xdb_dom_XDBNode_appendChildNative
rdbms : Java_oracle_xdb_dom_XDBNode_cloneNodeNative
rdbms : Java_oracle_xdb_dom_XDBNode_closeNodeNative
rdbms : Java_oracle_xdb_dom_XDBNode_createSchemaElementNative
rdbms : Java_oracle_xdb_dom_XDBNode_getAttributeMapNative
rdbms : Java_oracle_xdb_dom_XDBNode_getChildNodesNative
rdbms : Java_oracle_xdb_dom_XDBNode_getChildTypeNative
rdbms : Java_oracle_xdb_dom_XDBNode_getExpandedNameNative
rdbms : Java_oracle_xdb_dom_XDBNode_getFirstChildNative
rdbms : Java_oracle_xdb_dom_XDBNode_getInputStreamNative
rdbms : Java_oracle_xdb_dom_XDBNode_getLastChildNative
rdbms : Java_oracle_xdb_dom_XDBNode_getLocalNameNative
rdbms : Java_oracle_xdb_dom_XDBNode_getNSUriNative
rdbms : Java_oracle_xdb_dom_XDBNode_getNextSiblingNative
rdbms : Java_oracle_xdb_dom_XDBNode_getNodeNameNative
rdbms : Java_oracle_xdb_dom_XDBNode_getNodeValueNative
rdbms : Java_oracle_xdb_dom_XDBNode_getOwnerDocNative
rdbms : Java_oracle_xdb_dom_XDBNode_getParentNodeNative
rdbms : Java_oracle_xdb_dom_XDBNode_getPrefixNative
rdbms : Java_oracle_xdb_dom_XDBNode_getPreviousSiblingNative
rdbms : Java_oracle_xdb_dom_XDBNode_getPrimitiveTypeNative
rdbms : Java_oracle_xdb_dom_XDBNode_getQualifiedNameNative
rdbms : Java_oracle_xdb_dom_XDBNode_getSchemaNodeNative
rdbms : Java_oracle_xdb_dom_XDBNode_hasAttributesNative
rdbms : Java_oracle_xdb_dom_XDBNode_hasChildNodesNative
rdbms : Java_oracle_xdb_dom_XDBNode_insertBeforeNative
rdbms : Java_oracle_xdb_dom_XDBNode_isNilledNative
rdbms : Java_oracle_xdb_dom_XDBNode_isSchemaBasedNative
rdbms : Java_oracle_xdb_dom_XDBNode_removeChildNative
rdbms : Java_oracle_xdb_dom_XDBNode_replaceChildNative
rdbms : Java_oracle_xdb_dom_XDBNode_setNodeValueNative
rdbms : Java_oracle_xdb_dom_XDBNode_setPrefixNative
rdbms : Java_oracle_xdb_dom_XDBNode_toStringNative
rdbms : Java_oracle_xdb_dom_XDBNotation_getPublicIdNative
rdbms : Java_oracle_xdb_dom_XDBNotation_getSystemIdNative
rdbms : Java_oracle_xdb_spi_XDBNamingEnumeration_closeThickNative
rdbms : Java_oracle_xdb_spi_XDBNamingEnumeration_hasMoreThickNative
rdbms : Java_oracle_xdb_spi_XDBNamingEnumeration_nextThickNative
rdbms : Java_oracle_xdb_spi_XDBResourceContext_listThickNative
rdbms : Java_oracle_xdb_spi_XDBResourceContext_lookupThickNative
rdbms : Java_oracle_xdb_spi_XDBResource_getContentThick

# XStreams OCI LCR APIs

rdbms : OCILCRNew
rdbms : OCILCRFree
rdbms : OCILCRHeaderSet
rdbms : OCILCRRowColumnInfoSet
rdbms : OCILCRDDLInfoSet
rdbms : OCILCRDDLInfoGet
rdbms : OCILCRAttributesSet
rdbms : OCILCRAttributesGet
rdbms : OCILCRHeaderGet
rdbms : OCILCRRowColumnInfoGet
rdbms : OCILCRLobInfoGet
rdbms : OCILCRLobInfoSet
rdbms : OCILCRSCNsFromPosition
rdbms : OCILCRSCNToPosition
rdbms : OCILCRWhereClauseGet
rdbms : OCILCRWhereClauseWithBindVarGet
rdbms : OCIXStreamOutAttach
rdbms : OCIXStreamOutProcessedLWMSet
rdbms : OCIXStreamOutProcessedLWMSet2
rdbms : OCIXStreamOutLCRCallbackReceive
rdbms : OCIXStreamOutLCRReceive
rdbms : OCIXStreamOutChunkReceive
rdbms : OCIXStreamOutDetach
rdbms : OCIXStreamOutSessionSet
rdbms : OCIXStreamOutCacheFree
rdbms : OCIXStreamInAttach
rdbms : OCIXStreamInLCRCallbackSend
rdbms : OCIXStreamInLCRSend
rdbms : OCIXStreamInChunkSend
rdbms : OCIXStreamInProcessedLWMGet
rdbms : OCIXStreamInProcessedLWMGet2
rdbms : OCIXStreamInFlush
rdbms : OCIXStreamInDetach
rdbms : OCIXStreamInSessionSet
rdbms : OCIXStreamInGetStatus
rdbms : OCILCRRowStmtGet
rdbms : OCILCRRowStmtSet
rdbms : OCILCRRowStmtWithBindVarGet
rdbms : OCILCRRowStmtWithBindVarGet2
rdbms : OCIAQEnqStreaming
rdbms : OCIXStreamInErrorGet
rdbms : OCIXStreamInCommit
rdbms : OCIPLCRRowDataGet
rdbms : OCIPLCRDDLDataGet
rdbms : OCIPLCRGetMaxSupportedVersion
rdbms : OCILCRGetRowidChar
rdbms : OCILCRSCNToPos
rdbms : OCILCRPosToSCN

# XStreams JNI LCR APIs

rdbms : Java_oracle_streams_XStreamOut_XStreamOutAttachNative
rdbms : Java_oracle_streams_XStreamOut_XStreamOutDetachNative
rdbms : Java_oracle_streams_XStreamOut_XStreamOutReceiveLCRCallbackNative
rdbms : Java_oracle_streams_XStreamOut_XStreamOutReceiveLCRNative
rdbms : Java_oracle_streams_XStreamOut_XStreamOutReceiveChunkNative
rdbms : Java_oracle_streams_XStreamOut_XStreamOutSetProcessedLowWatermarkNative
rdbms : Java_oracle_streams_XStreamIn_XStreamInAttachNative
rdbms : Java_oracle_streams_XStreamIn_XStreamInDetachNative
rdbms : Java_oracle_streams_XStreamIn_XStreamInSendLCRCallbackNative
rdbms : Java_oracle_streams_XStreamIn_XStreamInSendLCRNative
rdbms : Java_oracle_streams_XStreamIn_XStreamInSendChunkNative
rdbms : Java_oracle_streams_XStreamIn_XStreamInFlushNative
rdbms : Java_oracle_streams_DefaultRowLCRCache_ReallocateCacheArrayNative
rdbms : Java_oracle_streams_DefaultRowLCRCache_RefreshArrayRefNative
rdbms : Java_oracle_streams_XStreamOut_XStreamOutSetProcessedLowWatermark2Native

################################################################################
# Following entries have been added from orasdk for HAS/CRS linkage using the
# client shared library
################################################################################

#------------------------------------------------------------------------------
# From libldapclnt
#------------------------------------------------------------------------------

ldap : gsldlAStrParseLine
ldap : gsldlBStrGetline
ldap : gsluhiaDestroyIntHash
ldap : gsluhibInsertInt
ldap : gsluhicCreateIntHash
ldap : gsluhidSearchInt
ldap : gsluhieRemoveInt
ldap : gsluqdwDequeueWork
ldap : gsluqewEnqueueWork
ldap : gsluqklKillListQueue
ldap : gsluqkwKillWorkQueue
ldap : gsluswfpeFreePwdEntry
ldap : gsluswipeInitPwdEntry
ldap : gsluswspsSetPwdStore
ldap : gsluwpwaGetWalletPasswd
ldap : nzsuppni_nl_init
ldap : nzsuppnt_nl_term
ldap : nzsupppl_pkivendor_lookup
ldap : nzsuppwl_wallet_lookup
ldap : nzsuppti_trace_init
ldap : nzsupptw_trace_write
ldap : nzsuppte_trace_exit

#------------------------------------------------------------------------------
# From libclient
#------------------------------------------------------------------------------

#
# The following kg symbols have dependencies on PL/SQL - need to statically 
# link for now.  See PL/SQL comments below for explanation
#
#rdbms : kguqsdh
#rdbms : kguqvld
rdbms : upial7
rdbms : upiall
rdbms : upidqr
rdbms : upirdd
rdbms : kollglid
rdbms : kollglid2
rdbms : kollgsnp
rdbms : kollgsnp2

#------------------------------------------------------------------------------
# From libgeneric
#------------------------------------------------------------------------------
rdbms : skgfcfi
rdbms : skgfgfsz
rdbms : skgfifi
rdbms : skgfofi
rdbms : skgfqio
rdbms : skgfrfhblk
rdbms : skgfrgsz
rdbms : skgfrpini
rdbms : skgfrsini
rdbms : skgfrsz
rdbms : skgmsmr_op
rdbms : skgpmaterialize
rdbms : skgpdematerialize
rdbms : skgpospidstr
rdbms : slclts
# following symbols from libgeneric are needed by CSS for providing
# the fencing infrastructure
rdbms : kgzf_cbinit
rdbms : kgzf_ini
rdbms : kgzf_ini_begin
rdbms : kgzf_ini_end
rdbms : kgzf_fini
rdbms : kgzf_gen_reid
rdbms : kgzf_gen_node_reid
rdbms : kgzf_gen_group_reid
rdbms : kgzf_gen_member_reid
rdbms : kgzf_gen_proc_reid
rdbms : kgzf_cluster_restart
rdbms : kgzf_fence_entity
rdbms : kgzf_wait
rdbms : kgzf_get_status
rdbms : kgzf_release_handle
rdbms : kgz_format_rac_entity_id
rdbms : kgz_reid_copy
rdbms : kgz_reid_equal
rdbms : ztcsr 

network : nlstdgo
network : nlstdap
network : nlstdat

#------------------------------------------------------------------------------
# From libsql
#------------------------------------------------------------------------------

#  NOTE: sqlcx2t is considered deprecated by the Precompiler team and is 
#        going through desupport process.  All current OraSDK consumers have
#        been migrated off of this entrypoint via the SQL TOOLS GET/PUT 
#        Pro*C pragmas.
#
#        sqliap is a psuedo entry point that requires Forms/Reports runtime
#        libraries.  An enhancement request has been issued to the Reports 
#        team to provide APIs that obviate the need for this entry point.
#
#precomp : sqlcx2t
#precomp : sqliap

#------------------------------------------------------------------------------
# From libvsn
#------------------------------------------------------------------------------

# Data reference
rdbms : vsnsta
rdbms : vsnupr 

####

#
#  NOTE: PL/SQL symbols are not included as PL/SQL is not compiled with 
#      relocatable code (-KPIC option).  Consumers of PL/SQL must statically 
#      link PL/SQL code for now
#
#------------------------------------------------------------------------------
# From libplc
#------------------------------------------------------------------------------

#plsqlc : psdrph
#plsqlc : psuasyn
#plsqlc : psuift

#------------------------------------------------------------------------------
# From libplp
#------------------------------------------------------------------------------

# Data reference 
#plsqlp : PLITBLM_S
#plsqlp : STANDA_B
#plsqlp : STANDA_S
#plsqlp : stdicd_i

#------------------------------------------------------------------------------
# From libpls
#------------------------------------------------------------------------------

#plsql : lisfst
#plsql : lislst
#plsql : pbb_lu_to_plio
#plsql : pbbdelete
#plsql : pbbdisable
#plsql : pbbenable
#plsql : pbbfget
#plsql : pbbfset
#plsql : pbbget
#plsql : pbbline
#plsql : pbblineu
#plsql : pbblu_info
#plsql : pbbset

# Data reference - be aware of portability issues
#plsql : pbcdiana

#plsql : pbvgetscalar
#plsql : pbvlspkgs
#plsql : pbvpvals
#plsql : pbvset
#plsql : pbvsetscalar
#plsql : pbvsval
#plsql : pcicmp
#plsql : pcidpu
#plsql : pcipmis_pick_match_in_scope
#plsql : pdechk
#plsql : pegckd_convert_kopm_to_dty
#plsql : pegich
#plsql : pegida
#plsql : peginu
#plsql : pegipt
#plsql : pegisc
#plsql : pegttrec
#plsql : pegttri
#plsql : pegttrn
#plsql : pegttrx
#plsql : pegttth
#plsql : peiabo
#plsql : peicnt
#plsql : peicrc
#plsql : peidcs
#plsql : peiptd_prepare_to_deinst
#plsql : peirai
#plsql : peirep
#plsql : peirep_suspendable
#plsql : peisnd
#plsql : peisus
#plsql : petico
#plsql : petid1
#plsql : petid2
#plsql : petid3
#plsql : petie1
#plsql : petie2
#plsql : petiex
#plsql : petifi
#plsql : petili
#plsql : petilm
#plsql : petinx
#plsql : petipr
#plsql : petitr
#plsql : pfrgnc
#plsql : phdgln
#plsql : pigicollection
#plsql : pisoch
#plsql : pisoda
#plsql : pisonu
#plsql : pisopt
#plsql : pisosc
#plsql : pkalu
#plsql : pkamh2
#plsql : pkidescribe
#plsql : pkiflatten
#plsql : pkiimlucontains
#plsql : pkiinflate
#plsql : pl_udp

# Data reference
#plsql : plsdiana

#plsql : plsver
#plsql : pppjmp
#plsql : psfchk
#plsql : psflod
#plsql : psfnrc
#plsql : psici_init_client_instance
#plsql : psicu_init_client_user
#plsql : psiini
#plsql : psiinp
#plsql : psiins
#plsql : psiinu
#plsql : psikgsf
#plsql : psitrm
#plsql : psitrp
#plsql : psitrs
#plsql : psitru
#plsql : psivsn
#plsql : ptg_ls
#plsql : ptg_nd
#plsql : ptg_tx
#plsql : ptg_u2
#plsql : ptg_u4
#plsql : ptgend
#plsql : ptglnd
#plsql : ptgsln
#plsql : ptkin
#plsql : puiclosehst
#plsql : puiclosesess
#plsql : puicreatesess
#plsql : puisun
#plsql : puiswitchhst

xdk : _ZN9XMLParser7xmlinitEPhPFvPvPKhjES1_P8xmlsaxcbS1_S0_
xdk : _ZN13CharacterData7getDataEv
xdk : _ZN12XSLProcessor10xslprocessEP9XMLParserS1_S1_PP4Node
xdk : LpxVersion
xdk : LpxbufPushRI
xdk : lpxdnode
xdk : XmlEncoding2Lid
xdk : LpxErrWhere
xdk : LpxEvGetVersion
xdk : LpxHashMake
xdk : LpxContext
xdk : LpxmListAppend
xdk : LpxMemInit
xdk : LpxFileParse
xdk : LpxvStandalone
xdk : xmlinit
xdk : hasFeature
xdk : XdkDomCreate
xdk : XmlXppEval
xdk : XmlXppXEval
xdk : LpxMakeXPathCtx
xdk : lpxxperror
xdk : lpxevalexpr
xdk : lpxgettoken
xdk : _lpxlpaxchild
xdk : lpxparseexpr
xdk : lpxpatternparse
xdk : LpxProcess
xdk : lpxsASMerge
xdk : LpxsAttrProcessAction
xdk : lpxsCaTTransformChildren
xdk : LpxsCondProcessAction
xdk : LpxsCopyProcessAction
xdk : LpxsElemProcessAction
xdk : lpxsKeyCreate
xdk : LpxsNumberProcessAction
xdk : lpxsQNameCreate
xdk : lpxsSSInitStruct
xdk : lpxsSelectionTransformChildren
xdk : lpxsSortAddKey
xdk : lpxsSpaceElemMatchWildCard
xdk : LpxsTextGetXSLWSPreseverence
xdk : lpxsTPLProcessAction
xdk : lpxsutXmlnsAttrExist
xdk : lpxsVariableProcessAction
xdk : lpxsVOProcessAction
xdk : lpxsWCCreate
xdk : LpxutMakeArray
xdk : lpxxplast
xdk : XmlVersion
xdk : XmlDomGetNodeValueStream
xdk : XmlErrInit
xdk : XmlEventGetVersion
xdk : XmlEvCreatePPCtx
xdk : XmlXslCreate
xdk : XmlXPathCreateCtx
xdk : XmlHashMake
xdk : XdkInit
xdk : XdkErrInputInfo
xdk : XmlUrlPath
xdk : _ZN9XMLSchema5cleanEv
xdk : LsxFreeAllListObjs
xdk : LsxcSetMinMax
xdk : LsxErrMsg
xdk : LsxFacetConstraints
xdk : LsxStkPush
xdk : LsxuTimeDuration
xdk : LsxvTDPrimOK
xdk : LsxvmPatternMatch
xdk : schemaInitialize
xdk : XmlSchemaVersion
xdk : XmlXsdCtxCreateSchemaIter
xdk : XmlSvEventGetVersion
xdk : lgx_cc_lid
xdk : ltxDocLoad
xdk : ltxtCreate
xdk : XmlXvmCreateComp
xdk : ltxqCreate
xdk : ltxqssCreate
xdk : ltxcCompSSProlog
xdk : ltxcNormXPath
xdk : ltxcCreate
xdk : ltxcCompDOM
xdk : ltxcCompXPath
xdk : ltxcPrintPatterns
xdk : ltxcILtoCode
xdk : ltxvmCreate
xdk : ltxvmrun
xdk : ltxvmNewFrag
xdk : ltxvmCallFunc
xdk : ltxvmStreamIt
xdk : ltxvmLangToGSep
xdk : ltxvmInsertNode
xdk : XmlSoapCreateCtx
xdk : XmlDavAclCreateAce
xdk : xqcCreate
xdk : xqcCompBuffer
xdk : xqtCreate
xdk : XmlDiff
xdk : xdfini
xdk : xdfgini
xdk : xdfob
xdk : xdflini
xdk : XmlPatch
xdk : xdfseqdiff
xdk : xdfdhash
xdk : XmlHash
xdk : xvDocLoad
xdk : xvtCreate
xdk : xvsdCreate
xdk : xvcCreate
xdk : xvcCompDOM
xdk : xvcCompXPath
xdk : xvcPrintPatterns
xdk : xvcGenCode
xdk : xvcOptimXQuery
xdk : xvcilCreate
xdk : xvcSymTblCreate
xdk : xvmdmType
xdk : xvopAddDec
xdk : xvmCreate
xdk : xvmrun
xdk : xvmNewFrag
xdk : xvmconcat
xdk : xvmStreamInit
xdk : xvmLangToGSep
xdk : xvmDocFind
xdk : xvmAdd
xdk : xvmObjAtomizeSingle
xdk : _ZN9OracleXml4Soap10ConnectRefI7xmlnodeED9Ev
xdk : _ZN8XmlCtxNS7CXmlCtxC9Ev
xdk : _Z15CreateException6xmlerrN9OracleXml3Dom16DOMExceptionCodeEPNS0_3Ctx12ErrorHandlerE
xdk : _ZN9XmlParser16CXmlSchValidatorC9Ev
xdk : _ZN6XmlXsl15CXmlTransformer6setXSLEPN9OracleXml2IO11InputSourceE
xdk : _ZN9OracleXml5XPath11XPathObjectI7xmlnodeED9Ev
xdk : _ZN9OracleXml5Tools7FactoryIN8XmlCtxNS7CXmlCtxE7xmlnodeEC9Ev
xdk : _ZNK9OracleXml8XPointer11XppLocationI7xmlnodeE8getRangeEv
xdkjni : Java_oracle_xml_parser_v2_XMLDocument_xdbCreateContext
xdkjni : Java_oracle_xml_parser_v2_XMLDocument_xdbDestroyContext
xdkjni : Java_oracle_xml_parser_v2_XMLDocument_xdbCreateAttribute
xdkjni : Java_oracle_xml_parser_v2_XMLDocument_xdbCreateComment
xdkjni : Java_oracle_xml_parser_v2_XMLDocument_xdbCreateCDATANode
xdkjni : Java_oracle_xml_parser_v2_XMLDocument_xdbCreateDocumentFragment
xdkjni : Java_oracle_xml_parser_v2_XMLDocument_xdbCreateDocument
xdkjni : Java_oracle_xml_parser_v2_XMLDocument_xdbCreateElement
xdkjni : Java_oracle_xml_parser_v2_XMLDocument_xdbCreateEntityRef
xdkjni : Java_oracle_xml_parser_v2_XMLDocument_xdbCreatePI
xdkjni : Java_oracle_xml_parser_v2_XMLDocument_xdbCreateTextNode
xdkjni : Java_oracle_xml_parser_v2_XMLDocument_xdbDestroyDocument
xdkjni : Java_oracle_xml_parser_v2_XMLDocument_xdbGetDocType
xdkjni : Java_oracle_xml_parser_v2_XMLDocument_xdbGetDocumentElement
xdkjni : Java_oracle_xml_parser_v2_XMLDocument_xdbGetElementById
xdkjni : Java_oracle_xml_parser_v2_XMLDocument_xdbGetElementsByTag
xdkjni : Java_oracle_xml_parser_v2_XMLDocument_xdbSetDocOrder
xdkjni : Java_oracle_xml_parser_v2_XMLNode_xdbCloneNode
xdkjni : Java_oracle_xml_parser_v2_XMLNode_xdbCloseNode
xdkjni : Java_oracle_xml_parser_v2_XMLNode_xdbGetChildType
xdkjni : Java_oracle_xml_parser_v2_XMLNode_xdbGetLocalName
xdkjni : Java_oracle_xml_parser_v2_XMLNode_xdbGetNamespaceURI
xdkjni : Java_oracle_xml_parser_v2_XMLNode_xdbGetNextSibling
xdkjni : Java_oracle_xml_parser_v2_XMLNode_xdbGetNodeValue
xdkjni : Java_oracle_xml_parser_v2_XMLNode_xdbGetParentNode
xdkjni : Java_oracle_xml_parser_v2_XMLNode_xdbGetPrefix
xdkjni : Java_oracle_xml_parser_v2_XMLNode_xdbSetPrefix
xdkjni : Java_oracle_xml_parser_v2_XMLNode_xdbGetPreviousSibling
xdkjni : Java_oracle_xml_parser_v2_XMLNode_xdbSetNodeValue
xdkjni : Java_oracle_xml_parser_v2_XMLNode_xdbGetNodeName
xdkjni : Java_oracle_xml_parser_v2_XMLNode_xdbAppendChild
xdkjni : Java_oracle_xml_parser_v2_XMLNode_xdbGetChildNodes
xdkjni : Java_oracle_xml_parser_v2_XMLNode_xdbGetFirstChild
xdkjni : Java_oracle_xml_parser_v2_XMLNode_xdbGetLastChild
xdkjni : Java_oracle_xml_parser_v2_XMLNode_xdbHasChildNodes
xdkjni : Java_oracle_xml_parser_v2_XMLNode_xdbInsertBefore
xdkjni : Java_oracle_xml_parser_v2_XMLNode_xdbRemoveChild
xdkjni : Java_oracle_xml_parser_v2_XMLNode_xdbReplaceChild
xdkjni : Java_oracle_xml_parser_v2_XMLNode_xdbGetDocOrder
xdkjni : Java_oracle_xml_parser_v2_XMLAttr_xdbGetOwnerElement
xdkjni : Java_oracle_xml_parser_v2_XMLAttr_xdbIsSpecified
xdkjni : Java_oracle_xml_parser_v2_CharData_xdbAppendData
xdkjni : Java_oracle_xml_parser_v2_CharData_xdbDeleteData
xdkjni : Java_oracle_xml_parser_v2_CharData_xdbInsertData
xdkjni : Java_oracle_xml_parser_v2_CharData_xdbReplaceData
xdkjni : Java_oracle_xml_parser_v2_CharData_xdbSubstringData
xdkjni : Java_oracle_xml_parser_v2_XMLElement_xdbGetAttributes
xdkjni : Java_oracle_xml_parser_v2_XMLElement_xdbGetAttrNode
xdkjni : Java_oracle_xml_parser_v2_XMLElement_xdbGetAttrValue
xdkjni : Java_oracle_xml_parser_v2_XMLElement_xdbGetChildrenByTagName
xdkjni : Java_oracle_xml_parser_v2_XMLElement_xdbGetElementsByTagName
xdkjni : Java_oracle_xml_parser_v2_XMLElement_xdbHasAttr
xdkjni : Java_oracle_xml_parser_v2_XMLElement_xdbRemoveAttr
xdkjni : Java_oracle_xml_parser_v2_XMLElement_xdbRemoveAttrNode
xdkjni : Java_oracle_xml_parser_v2_XMLElement_xdbResolveNSPrefix
xdkjni : Java_oracle_xml_parser_v2_XMLElement_xdbSetAttrNode
xdkjni : Java_oracle_xml_parser_v2_XMLElement_xdbSetAttrValue
xdkjni : Java_oracle_xml_parser_v2_XMLElement_xdbHasAttributes
xdkjni : Java_oracle_xml_parser_v2_XMLElement_xdbNormalize
xdkjni : Java_oracle_xml_parser_v2_XMLAttrList_xdbGetAttributeNode
xdkjni : Java_oracle_xml_parser_v2_XMLAttrList_xdbGetNodeItemAt
xdkjni : Java_oracle_xml_parser_v2_XMLAttrList_xdbGetNumAttrs
xdkjni : Java_oracle_xml_parser_v2_XMLAttrList_xdbRemoveAttributeNode
xdkjni : Java_oracle_xml_parser_v2_XMLAttrList_xdbSetAttributeNode
xdkjni : Java_oracle_xml_parser_v2_XMLNodeList_xdbGetChild
xdkjni : Java_oracle_xml_parser_v2_XMLNodeList_xdbGetLength
xdkjni : Java_oracle_xml_parser_v2_XMLEntity_xdbGetNotationName
xdkjni : Java_oracle_xml_parser_v2_XMLEntity_xdbGetPublicId
xdkjni : Java_oracle_xml_parser_v2_XMLEntity_xdbGetSystemId
xdkjni : Java_oracle_xml_parser_v2_XMLNotation_xdbGetPublicId
xdkjni : Java_oracle_xml_parser_v2_XMLNotation_xdbGetSystemId
xdkjni : Java_oracle_xml_parser_v2_DTD_xdbGetDTDEntities
xdkjni : Java_oracle_xml_parser_v2_DTD_xdbGetDTDNotations
xdkjni : Java_oracle_xml_parser_v2_DTD_xdbGetDTDPublicId
xdkjni : Java_oracle_xml_parser_v2_DTD_xdbGetDTDSystemId
xdkjni : Java_oracle_xml_parser_v2_DTD_xdbGetDTDName
xdkjni : Java_oracle_xml_parser_v2_DTDDecl_xdbGetNamedItem
xdkjni : Java_oracle_xml_parser_v2_DTDDecl_xdbGetNodeMapItem
xdkjni : Java_oracle_xml_parser_v2_DTDDecl_xdbGetNodeMapLength
xdkjni : Java_oracle_xml_parser_v2_XMLNodeInputStream_xdbcloseBinaryInputStream
xdkjni : Java_oracle_xml_parser_v2_XMLNodeInputStream_xdbcreateXMLBIS
xdkjni : Java_oracle_xml_parser_v2_XMLNodeInputStream_xdbreadBinaryInputStream
xdkjni : Java_oracle_xml_parser_v2_XMLNodeReader_xdbcloseCharacterInputStream
xdkjni : Java_oracle_xml_parser_v2_XMLNodeReader_xdbcreateXMLCIS
xdkjni : Java_oracle_xml_parser_v2_XMLNodeReader_xdbreadCharacterInputStream
xdkjni : Java_oracle_xml_parser_v2_XMLNodeOutputStream_xdbcloseBinaryOutputStream
xdkjni : Java_oracle_xml_parser_v2_XMLNodeOutputStream_xdbcreateXMLBOS
xdkjni : Java_oracle_xml_parser_v2_XMLNodeOutputStream_xdbflushBinaryOutputStream
xdkjni : Java_oracle_xml_parser_v2_XMLNodeOutputStream_xdbgetNodeValueAsBinaryPushStreamNative
xdkjni : Java_oracle_xml_parser_v2_XMLNodeOutputStream_xdbwriteBinaryOutputStream
xdkjni : Java_oracle_xml_parser_v2_XMLNodeWriter_xdbcreateXMLCOS
xdkjni : Java_oracle_xml_parser_v2_XMLNodeWriter_xdbwriteCharacterOutputStream
xdkjni : Java_oracle_xml_parser_v2_XMLNodeWriter_xdbcloseCharacterOutputStream
xdkjni : Java_oracle_xml_parser_v2_XMLNodeWriter_xdbflushCharacterOutputStream
xdkjni : Java_oracle_xml_parser_v2_XMLNodeWriter_xdbreadNodeValueNative
